Component: ARM Compiler 5.06 update 2 (build 183) Tool: armlink [4d35b7]

==============================================================================

Section Cross References

    startup_stm32f10x_hd.o(RESET) refers to startup_stm32f10x_hd.o(STACK) for __initial_sp
    startup_stm32f10x_hd.o(RESET) refers to startup_stm32f10x_hd.o(.text) for Reset_Handler
    startup_stm32f10x_hd.o(RESET) refers to stm32f10x_it.o(i.NMI_Handler) for NMI_Handler
    startup_stm32f10x_hd.o(RESET) refers to stm32f10x_it.o(i.HardFault_Handler) for HardFault_Handler
    startup_stm32f10x_hd.o(RESET) refers to stm32f10x_it.o(i.MemManage_Handler) for MemManage_Handler
    startup_stm32f10x_hd.o(RESET) refers to stm32f10x_it.o(i.BusFault_Handler) for BusFault_Handler
    startup_stm32f10x_hd.o(RESET) refers to stm32f10x_it.o(i.UsageFault_Handler) for UsageFault_Handler
    startup_stm32f10x_hd.o(RESET) refers to stm32f10x_it.o(i.SVC_Handler) for SVC_Handler
    startup_stm32f10x_hd.o(RESET) refers to stm32f10x_it.o(i.DebugMon_Handler) for DebugMon_Handler
    startup_stm32f10x_hd.o(RESET) refers to stm32f10x_it.o(i.PendSV_Handler) for PendSV_Handler
    startup_stm32f10x_hd.o(RESET) refers to stm32f10x_it.o(i.SysTick_Handler) for SysTick_Handler
    startup_stm32f10x_hd.o(RESET) refers to dwgl_exti.o(i.EXTI1_IRQHandler) for EXTI1_IRQHandler
    startup_stm32f10x_hd.o(RESET) refers to stm32f10x_it.o(i.EXTI4_IRQHandler) for EXTI4_IRQHandler
    startup_stm32f10x_hd.o(RESET) refers to dwgl_dma.o(i.DMA1_Channel1_IRQHandler) for DMA1_Channel1_IRQHandler
    startup_stm32f10x_hd.o(RESET) refers to dwgl_dma.o(i.DMA1_Channel2_IRQHandler) for DMA1_Channel2_IRQHandler
    startup_stm32f10x_hd.o(RESET) refers to dwgl_adc.o(i.ADC1_2_IRQHandler) for ADC1_2_IRQHandler
    startup_stm32f10x_hd.o(RESET) refers to dwgl_tim.o(i.TIM2_IRQHandler) for TIM2_IRQHandler
    startup_stm32f10x_hd.o(RESET) refers to dwgl_tim.o(i.TIM3_IRQHandler) for TIM3_IRQHandler
    startup_stm32f10x_hd.o(RESET) refers to dwgl_spi.o(i.SPI1_IRQHandler) for SPI1_IRQHandler
    startup_stm32f10x_hd.o(RESET) refers to dwgl_spi.o(i.SPI2_IRQHandler) for SPI2_IRQHandler
    startup_stm32f10x_hd.o(RESET) refers to dwgl_sci.o(i.USART1_IRQHandler) for USART1_IRQHandler
    startup_stm32f10x_hd.o(RESET) refers to dwgl_sci.o(i.USART2_IRQHandler) for USART2_IRQHandler
    startup_stm32f10x_hd.o(RESET) refers to dwgl_sci.o(i.USART3_IRQHandler) for USART3_IRQHandler
    startup_stm32f10x_hd.o(RESET) refers to dwgl_exti.o(i.EXTI15_10_IRQHandler) for EXTI15_10_IRQHandler
    startup_stm32f10x_hd.o(RESET) refers to dwgl_adc.o(i.ADC3_IRQHandler) for ADC3_IRQHandler
    startup_stm32f10x_hd.o(.text) refers to system_stm32f10x.o(i.SystemInit) for SystemInit
    startup_stm32f10x_hd.o(.text) refers to entry.o(.ARM.Collect$$$$00000000) for __main
    system_stm32f10x.o(i.SetSysClock) refers to system_stm32f10x.o(i.SetSysClockTo72) for SetSysClockTo72
    system_stm32f10x.o(i.SystemCoreClockUpdate) refers to system_stm32f10x.o(.data) for SystemCoreClock
    system_stm32f10x.o(i.SystemInit) refers to system_stm32f10x.o(i.SetSysClock) for SetSysClock
    stm32f10x_adc.o(i.ADC_DeInit) refers to stm32f10x_rcc.o(i.RCC_APB2PeriphResetCmd) for RCC_APB2PeriphResetCmd
    stm32f10x_bkp.o(i.BKP_DeInit) refers to stm32f10x_rcc.o(i.RCC_BackupResetCmd) for RCC_BackupResetCmd
    stm32f10x_can.o(i.CAN_DeInit) refers to stm32f10x_rcc.o(i.RCC_APB1PeriphResetCmd) for RCC_APB1PeriphResetCmd
    stm32f10x_can.o(i.CAN_GetITStatus) refers to stm32f10x_can.o(i.CheckITStatus) for CheckITStatus
    stm32f10x_cec.o(i.CEC_DeInit) refers to stm32f10x_rcc.o(i.RCC_APB1PeriphResetCmd) for RCC_APB1PeriphResetCmd
    stm32f10x_dac.o(i.DAC_DeInit) refers to stm32f10x_rcc.o(i.RCC_APB1PeriphResetCmd) for RCC_APB1PeriphResetCmd
    stm32f10x_flash.o(i.FLASH_EnableWriteProtection) refers to stm32f10x_flash.o(i.FLASH_WaitForLastOperation) for FLASH_WaitForLastOperation
    stm32f10x_flash.o(i.FLASH_EraseAllBank1Pages) refers to stm32f10x_flash.o(i.FLASH_WaitForLastBank1Operation) for FLASH_WaitForLastBank1Operation
    stm32f10x_flash.o(i.FLASH_EraseAllPages) refers to stm32f10x_flash.o(i.FLASH_WaitForLastOperation) for FLASH_WaitForLastOperation
    stm32f10x_flash.o(i.FLASH_EraseOptionBytes) refers to stm32f10x_flash.o(i.FLASH_GetReadOutProtectionStatus) for FLASH_GetReadOutProtectionStatus
    stm32f10x_flash.o(i.FLASH_EraseOptionBytes) refers to stm32f10x_flash.o(i.FLASH_WaitForLastOperation) for FLASH_WaitForLastOperation
    stm32f10x_flash.o(i.FLASH_ErasePage) refers to stm32f10x_flash.o(i.FLASH_WaitForLastOperation) for FLASH_WaitForLastOperation
    stm32f10x_flash.o(i.FLASH_ProgramHalfWord) refers to stm32f10x_flash.o(i.FLASH_WaitForLastOperation) for FLASH_WaitForLastOperation
    stm32f10x_flash.o(i.FLASH_ProgramOptionByteData) refers to stm32f10x_flash.o(i.FLASH_WaitForLastOperation) for FLASH_WaitForLastOperation
[...]
    i.LCD_WindowMax                          0x0801233c   Section        0  dwgl_wb_lcd.o(i.LCD_WindowMax)
    i.LCD_WriteRAM_Prepare                   0x08012380   Section        0  dwgl_wb_lcd.o(i.LCD_WriteRAM_Prepare)
    i.LCD_into_power_on_state                0x08012388   Section        0  main.o(i.LCD_into_power_on_state)
    i.LED_GPIO_Config                        0x080123d8   Section        0  bsp_led.o(i.LED_GPIO_Config)
    i.MemManage_Handler                      0x08012554   Section        0  stm32f10x_it.o(i.MemManage_Handler)
    i.NMI_Handler                            0x08012558   Section        0  stm32f10x_it.o(i.NMI_Handler)
    i.NVIC_Configuration                     0x0801255a   Section        0  dwgl_global.o(i.NVIC_Configuration)
    i.NVIC_Init                              0x080125f4   Section        0  misc.o(i.NVIC_Init)
    i.NVIC_SystemReset                       0x08012664   Section        0  main.o(i.NVIC_SystemReset)
    NVIC_SystemReset                         0x08012665   Thumb Code    26  main.o(i.NVIC_SystemReset)
    i.PendSV_Handler                         0x08012688   Section        0  stm32f10x_it.o(i.PendSV_Handler)
    i.RCC_ADCCLKConfig                       0x0801268c   Section        0  stm32f10x_rcc.o(i.RCC_ADCCLKConfig)
    i.RCC_AHBPeriphClockCmd                  0x080126a4   Section        0  stm32f10x_rcc.o(i.RCC_AHBPeriphClockCmd)
    i.RCC_APB1PeriphClockCmd                 0x080126c4   Section        0  stm32f10x_rcc.o(i.RCC_APB1PeriphClockCmd)
    i.RCC_APB1PeriphResetCmd                 0x080126e4   Section        0  stm32f10x_rcc.o(i.RCC_APB1PeriphResetCmd)
    i.RCC_APB2PeriphClockCmd                 0x08012704   Section        0  stm32f10x_rcc.o(i.RCC_APB2PeriphClockCmd)
    i.RCC_APB2PeriphResetCmd                 0x08012724   Section        0  stm32f10x_rcc.o(i.RCC_APB2PeriphResetCmd)
    i.RCC_GetClocksFreq                      0x08012744   Section        0  stm32f10x_rcc.o(i.RCC_GetClocksFreq)
    i.RGB888_565                             0x08012818   Section        0  dwgl_function.o(i.RGB888_565)
    i.SPI1_DMARecive                         0x08012a14   Section        0  dwgl_dma.o(i.SPI1_DMARecive)
    i.SPI1_IRQHandler                        0x08012a4c   Section        0  dwgl_spi.o(i.SPI1_IRQHandler)
    i.SPI1_Init                              0x08012abc   Section        0  dwgl_spi.o(i.SPI1_Init)
    SPI1_Init                                0x08012abd   Thumb Code   180  dwgl_spi.o(i.SPI1_Init)
    i.SPI2_IRQHandler                        0x08012b78   Section        0  dwgl_spi.o(i.SPI2_IRQHandler)
    i.SPI_Cmd                                0x08012b7a   Section        0  stm32f10x_spi.o(i.SPI_Cmd)
    i.SPI_Configuration                      0x08012b94   Section        0  dwgl_spi.o(i.SPI_Configuration)
    i.SPI_I2S_ClearITPendingBit              0x08012bbc   Section        0  stm32f10x_spi.o(i.SPI_I2S_ClearITPendingBit)
    i.SPI_I2S_DeInit                         0x08012bd0   Section        0  stm32f10x_spi.o(i.SPI_I2S_DeInit)
    i.SPI_I2S_GetFlagStatus                  0x08012c28   Section        0  stm32f10x_spi.o(i.SPI_I2S_GetFlagStatus)
    i.SPI_I2S_GetITStatus                    0x08012c3a   Section        0  stm32f10x_spi.o(i.SPI_I2S_GetITStatus)
    i.SPI_Init                               0x08012c6e   Section        0  stm32f10x_spi.o(i.SPI_Init)
    i.SVC_Handler                            0x08012caa   Section        0  stm32f10x_it.o(i.SVC_Handler)
    i.SetSysClock                            0x08012cac   Section        0  system_stm32f10x.o(i.SetSysClock)
    SetSysClock                              0x08012cad   Thumb Code     8  system_stm32f10x.o(i.SetSysClock)
    i.SetSysClockTo72                        0x08012cb4   Section        0  system_stm32f10x.o(i.SetSysClockTo72)
    SetSysClockTo72                          0x08012cb5   Thumb Code   214  system_stm32f10x.o(i.SetSysClockTo72)
    i.SysTick_Handler                        0x08012d94   Section        0  stm32f10x_it.o(i.SysTick_Handler)
    i.SysTick_Init                           0x08012de8   Section        0  bsp_systick.o(i.SysTick_Init)
    i.SystemInit                             0x08012e60   Section        0  system_stm32f10x.o(i.SystemInit)
    i.TIM2_IRQHandler                        0x08012ec0   Section        0  dwgl_tim.o(i.TIM2_IRQHandler)
    i.TIM3_IRQHandler                        0x08012ec4   Section        0  dwgl_tim.o(i.TIM3_IRQHandler)
    i.TIM_ClearITPendingBit                  0x08012f04   Section        0  stm32f10x_tim.o(i.TIM_ClearITPendingBit)
    i.TIM_GetITStatus                        0x08012f0a   Section        0  stm32f10x_tim.o(i.TIM_GetITStatus)
    i.TimingDelay_Decrement                  0x08012f2c   Section        0  bsp_systick.o(i.TimingDelay_Decrement)
    i.UART1_Init                             0x08012f44   Section        0  dwgl_sci.o(i.UART1_Init)
    UART1_Init                               0x08012f45   Thumb Code   130  dwgl_sci.o(i.UART1_Init)
    i.UART1_Send_Data                        0x08012fd0   Section        0  dwgl_sci.o(i.UART1_Send_Data)
    i.UART3_Init                             0x08013044   Section        0  dwgl_sci.o(i.UART3_Init)
    UART3_Init                               0x08013045   Thumb Code   148  dwgl_sci.o(i.UART3_Init)
    i.UART3_Send_Data                        0x080130e0   Section        0  dwgl_sci.o(i.UART3_Send_Data)
    i.UART_Configuration                     0x08013110   Section        0  dwgl_sci.o(i.UART_Configuration)
    i.USART1_IRQHandler                      0x08013160   Section        0  dwgl_sci.o(i.USART1_IRQHandler)
    i.USART2_IRQHandler                      0x08013200   Section        0  dwgl_sci.o(i.USART2_IRQHandler)
    i.USART3_IRQHandler                      0x08013274   Section        0  dwgl_sci.o(i.USART3_IRQHandler)
    i.USART_ClearITPendingBit                0x080132e4   Section        0  stm32f10x_usart.o(i.USART_ClearITPendingBit)
    i.USART_Cmd                              0x08013302   Section        0  stm32f10x_usart.o(i.USART_Cmd)
    i.USART_GetITStatus                      0x0801331a   Section        0  stm32f10x_usart.o(i.USART_GetITStatus)
    i.USART_ITConfig                         0x0801336e   Section        0  stm32f10x_usart.o(i.USART_ITConfig)
    i.USART_Init                             0x080133b8   Section        0  stm32f10x_usart.o(i.USART_Init)
    i.UsageFault_Handler                     0x08013490   Section        0  stm32f10x_it.o(i.UsageFault_Handler)
    i.Version_display                        0x08013494   Section        0  dwgl_function.o(i.Version_display)
    i.__scatterload_copy                     0x08013500   Section       14  handlers.o(i.__scatterload_copy)
    i.__scatterload_null                     0x0801350e   Section        2  handlers.o(i.__scatterload_null)
    i.__scatterload_zeroinit                 0x08013510   Section       14  handlers.o(i.__scatterload_zeroinit)
    i.check_device_plugin                    0x08013520   Section        0  main.o(i.check_device_plugin)
    i.check_embeded_program_update           0x08013554   Section        0  main.o(i.check_embeded_program_update)
    check_embeded_program_update             0x08013555   Thumb Code    20  main.o(i.check_embeded_program_update)
    i.check_hub_link_state                   0x0801356c   Section        0  main.o(i.check_hub_link_state)
    i.check_key_press_down_to_reset_board    0x08013674   Section        0  main.o(i.check_key_press_down_to_reset_board)
    i.cmd3_Get_State                         0x080136a0   Section        0  dwgl_function.o(i.cmd3_Get_State)
    i.cmd3_Set_State                         0x08013764   Section        0  dwgl_function.o(i.cmd3_Set_State)
    i.cmd3_ShakeHands                        0x0801392c   Section        0  dwgl_function.o(i.cmd3_ShakeHands)
    i.com_check_qr_code                      0x080139e4   Section        0  main.o(i.com_check_qr_code)
    i.com_chip_pro                           0x08013a98   Section        0  main.o(i.com_chip_pro)
    i.com_file_called                        0x08013ccc   Section        0  main.o(i.com_file_called)
    i.com_file_erase                         0x08013fb8   Section        0  main.o(i.com_file_erase)
    i.com_file_operations_request            0x080140f4   Section        0  main.o(i.com_file_operations_request)
    i.com_file_transfer                      0x08014414   Section        0  main.o(i.com_file_transfer)
    i.com_get_ad_count                       0x080146a4   Section        0  main.o(i.com_get_ad_count)
    i.com_get_adc                            0x0801471c   Section        0  main.o(i.com_get_adc)
    i.com_get_charge_speed                   0x08014798   Section        0  main.o(i.com_get_charge_speed)
    i.com_get_embedded_version               0x08014898   Section        0  main.o(i.com_get_embedded_version)
    i.com_get_port_state                     0x080148fc   Section        0  main.o(i.com_get_port_state)
    i.com_get_version                        0x08014974   Section        0  main.o(i.com_get_version)
    i.com_handshake                          0x08014a28   Section        0  main.o(i.com_handshake)
    i.com_hub_reset                          0x08014b18   Section        0  main.o(i.com_hub_reset)
    i.com_media_time_ctrl                    0x08014c90   Section        0  main.o(i.com_media_time_ctrl)
    i.com_power_off                          0x08014e34   Section        0  main.o(i.com_power_off)
    i.com_power_on                           0x08014edc   Section        0  main.o(i.com_power_on)
    i.com_read_flash                         0x08015080   Section        0  main.o(i.com_read_flash)
    i.com_rgb888_565                         0x080150c4   Section        0  main.o(i.com_rgb888_565)
    i.com_rgb_clear                          0x08015260   Section        0  main.o(i.com_rgb_clear)
    i.com_save_adc                           0x080152dc   Section        0  main.o(i.com_save_adc)
    i.com_set_device_num                     0x08015358   Section        0  main.o(i.com_set_device_num)
    i.com_set_version                        0x08015578   Section        0  main.o(i.com_set_version)
    i.com_write_flash                        0x08015678   Section        0  main.o(i.com_write_flash)
    i.deal_LCD1_task_at_regular_time         0x08015714   Section        0  main.o(i.deal_LCD1_task_at_regular_time)
    i.deal_LCD2_task_at_regular_time         0x0801571e   Section        0  main.o(i.deal_LCD2_task_at_regular_time)
    i.deal_LCD_task_at_regular_time          0x08015728   Section        0  main.o(i.deal_LCD_task_at_regular_time)
    i.deal_cmd_data                          0x08015784   Section        0  main.o(i.deal_cmd_data)
    i.deal_task_at_regular_time              0x08015934   Section        0  main.o(i.deal_task_at_regular_time)
    i.deal_task_at_regular_time0             0x08015984   Section        0  main.o(i.deal_task_at_regular_time0)
    i.delay_cycle                            0x08015a3c   Section        0  pm25lq512flash.o(i.delay_cycle)
    i.display_flash_BMP                      0x08015a4c   Section        0  dwgl_tft.o(i.display_flash_BMP)
    i.display_flash_BMPE                     0x08015d1c   Section        0  dwgl_tft.o(i.display_flash_BMPE)
    i.get_ADC1_3_data                        0x08016054   Section        0  dwgl_function.o(i.get_ADC1_3_data)
    i.get_checksum                           0x08016104   Section        0  dwgl_function.o(i.get_checksum)
    i.hub_select                             0x0801612c   Section        0  dwgl_function.o(i.hub_select)
    hub_select                               0x0801612d   Thumb Code   156  dwgl_function.o(i.hub_select)
    i.init_LCD_background                    0x080161d0   Section        0  main.o(i.init_LCD_background)
    i.init_LCD_config                        0x08016244   Section        0  main.o(i.init_LCD_config)
    i.init_all_local_data_and_display_on_LCD 0x080162d0   Section        0  main.o(i.init_all_local_data_and_display_on_LCD)
    init_all_local_data_and_display_on_LCD   0x080162d1   Thumb Code   558  main.o(i.init_all_local_data_and_display_on_LCD)
    i.init_base_data                         0x0801652c   Section        0  main.o(i.init_base_data)
    i.is_com_msg_head                        0x080165a0   Section        0  dwgl_function.o(i.is_com_msg_head)
    i.led_power_ctrl                         0x080165e0   Section        0  dwgl_function.o(i.led_power_ctrl)
    i.main                                   0x08016668   Section        0  main.o(i.main)
    i.port_Charge_State                      0x0801670c   Section        0  dwgl_function.o(i.port_Charge_State)
    i.process_com_data                       0x08016890   Section        0  dwgl_function.o(i.process_com_data)
    i.rewrite_ADC_BaseLine_flash_data        0x08016a08   Section        0  dwgl_function.o(i.rewrite_ADC_BaseLine_flash_data)
    i.sprintf_com_cmd                        0x08016ad8   Section        0  main.o(i.sprintf_com_cmd)
    i.synthesize_function                    0x08016d14   Section        0  main.o(i.synthesize_function)
    i.tft_1bitdeep_TXT                       0x08016fdc   Section        0  dwgl_tft.o(i.tft_1bitdeep_TXT)
    i.tft_Clear                              0x08017210   Section        0  dwgl_tft.o(i.tft_Clear)
    i.tft_DisplayStr                         0x08017248   Section        0  dwgl_tft.o(i.tft_DisplayStr)
    i.tft_ShowCharE                          0x080172c0   Section        0  dwgl_tft.o(i.tft_ShowCharE)
    i.tft_ShowHzE                            0x08017358   Section        0  dwgl_tft.o(i.tft_ShowHzE)
    i.tft_cs_disable                         0x08017424   Section        0  dwgl_tft.o(i.tft_cs_disable)
    i.tft_cs_enable                          0x08017450   Section        0  dwgl_tft.o(i.tft_cs_enable)
    i.uart3_cmd                              0x0801747c   Section        0  main.o(i.uart3_cmd)
    i.update_LCD1_screen_protect             0x080175a8   Section        0  main.o(i.update_LCD1_screen_protect)
    i.update_LCD2_screen_protect             0x080175b2   Section        0  main.o(i.update_LCD2_screen_protect)
    i.update_advertisement                   0x080175bc   Section        0  main.o(i.update_advertisement)
    i.update_qrcode_at_regular_time          0x08017678   Section        0  main.o(i.update_qrcode_at_regular_time)
    i.update_screen_protect                  0x0801770c   Section        0  main.o(i.update_screen_protect)
    update_screen_protect                    0x0801770d   Thumb Code   206  main.o(i.update_screen_protect)
    i.usb_mutually_exclusive_power_on        0x080177ec   Section        0  dwgl_function.o(i.usb_mutually_exclusive_power_on)
    i.usb_power_ctrl                         0x08017894   Section        0  dwgl_function.o(i.usb_power_ctrl)
    .constdata                               0x08017920   Section     1092  main.o(.constdata)
    .constdata                               0x08017d64   Section      640  gimage10_16_288_1bitc.o(.constdata)
    .constdata                               0x08017fe4   Section     1520  asciilib_65k.o(.constdata)
    .constdata                               0x080185d4   Section    216576  hzlib_65k.o(.constdata)
    .data                                    0x20000000   Section       20  system_stm32f10x.o(.data)
    .data                                    0x20000014   Section       20  stm32f10x_rcc.o(.data)
    APBAHBPrescTable                         0x20000014   Data          16  stm32f10x_rcc.o(.data)
    ADCPrescTable                            0x20000024   Data           4  stm32f10x_rcc.o(.data)
    .data                                    0x20000028   Section       56  main.o(.data)
    void_func                                0x20000028   Data          44  main.o(.data)
    time_sys_temp                            0x20000054   Data           4  main.o(.data)
    time_sys_temp                            0x20000058   Data           8  main.o(.data)
    .data                                    0x20000060   Section        4  bsp_systick.o(.data)
    TimingDelay                              0x20000060   Data           4  bsp_systick.o(.data)
    .data                                    0x20000064   Section      308  dwgl_global.o(.data)
    .data                                    0x20000198   Section      126  dwgl_function.o(.data)
    time_sys_temp                            0x2000020c   Data           8  dwgl_function.o(.data)
    LOW_port                                 0x20000214   Data           2  dwgl_function.o(.data)
    .data                                    0x20000218   Section       68  dwgl_adc.o(.data)
    ADC1_channel_index                       0x20000246   Data           1  dwgl_adc.o(.data)
    ADC3_channel_index                       0x20000259   Data           1  dwgl_adc.o(.data)
    u8_sampling_times                        0x2000025a   Data           1  dwgl_adc.o(.data)
    u8_sampling_times                        0x2000025b   Data           1  dwgl_adc.o(.data)
    .data                                    0x2000025c   Section       24  dwgl_dma.o(.data)
    .data                                    0x20000274   Section       22  dwgl_tim.o(.data)
    .data                                    0x2000028c   Section       16  dwgl_exti.o(.data)
    .data                                    0x2000029c   Section       59  dwgl_sci.o(.data)
    .data                                    0x200002d8   Section        4  pm25lq512flash.o(.data)
    .data                                    0x200002dc   Section       39  dwgl_spi.o(.data)
    .data                                    0x20000304   Section       56  dwgl_tft.o(.data)
    .data                                    0x2000033c   Section       12  dwgl_chipflash.o(.data)
    .bss                                     0x20000348   Section    15460  dwgl_global.o(.bss)
    STACK                                    0x20003fb0   Section     1024  startup_stm32f10x_hd.o(STACK)

    Global Symbols

    Symbol Name                              Value     Ov Type        Size  Object(Section)

    BuildAttributes$$THM_ISAv4$P$D$K$B$S$PE$A:L22UL41UL21$X:L11$S22US41US21$IEEE1$IW$USESV6$~STKCKD$USESV7$~SHL$OSPACE$EBA8$MICROLIB$REQ8$PRES8$EABIv2 0x00000000   Number         0  anon$$obj.o ABSOLUTE
    __ARM_use_no_argv                        0x00000000   Number         0  main.o ABSOLUTE
    __cpp_initialize__aeabi_                  - Undefined Weak Reference
    __cxa_finalize                            - Undefined Weak Reference
    _clock_init                               - Undefined Weak Reference
    _microlib_exit                            - Undefined Weak Reference
    __Vectors_Size                           0x00000130   Number         0  startup_stm32f10x_hd.o ABSOLUTE
    __Vectors                                0x08010000   Data           4  startup_stm32f10x_hd.o(RESET)
    __Vectors_End                            0x08010130   Data           0  startup_stm32f10x_hd.o(RESET)
    __main                                   0x08010131   Thumb Code     0  entry.o(.ARM.Collect$$$$00000000)
    _main_stk                                0x08010131   Thumb Code     0  entry2.o(.ARM.Collect$$$$00000001)
    _main_scatterload                        0x08010135   Thumb Code     0  entry5.o(.ARM.Collect$$$$00000004)
    __main_after_scatterload                 0x08010139   Thumb Code     0  entry5.o(.ARM.Collect$$$$00000004)
    _main_clock                              0x08010139   Thumb Code     0  entry7b.o(.ARM.Collect$$$$00000008)
    _main_cpp_init                           0x08010139   Thumb Code     0  entry8b.o(.ARM.Collect$$$$0000000A)
    _main_init                               0x08010139   Thumb Code     0  entry9a.o(.ARM.Collect$$$$0000000B)
    __rt_final_cpp                           0x08010141   Thumb Code     0  entry10a.o(.ARM.Collect$$$$0000000D)
    __rt_final_exit                          0x08010141   Thumb Code     0  entry11a.o(.ARM.Collect$$$$0000000F)
    Reset_Handler                            0x08010145   Thumb Code     8  startup_stm32f10x_hd.o(.text)
    CAN1_RX1_IRQHandler                      0x0801015f   Thumb Code     0  startup_stm32f10x_hd.o(.text)
    CAN1_SCE_IRQHandler                      0x0801015f   Thumb Code     0  startup_stm32f10x_hd.o(.text)
    DMA1_Channel3_IRQHandler                 0x0801015f   Thumb Code     0  startup_stm32f10x_hd.o(.text)
    DMA1_Channel4_IRQHandler                 0x0801015f   Thumb Code     0  startup_stm32f10x_hd.o(.text)
    DMA1_Channel5_IRQHandler                 0x0801015f   Thumb Code     0  startup_stm32f10x_hd.o(.text)
    DMA1_Channel6_IRQHandler                 0x0801015f   Thumb Code     0  startup_stm32f10x_hd.o(.text)
    DMA1_Channel7_IRQHandler                 0x0801015f   Thumb Code     0  startup_stm32f10x_hd.o(.text)
    DMA2_Channel1_IRQHandler                 0x0801015f   Thumb Code     0  startup_stm32f10x_hd.o(.text)
    DMA2_Channel2_IRQHandler                 0x0801015f   Thumb Code     0  startup_stm32f10x_hd.o(.text)
    DMA2_Channel3_IRQHandler                 0x0801015f   Thumb Code     0  startup_stm32f10x_hd.o(.text)
    DMA2_Channel4_5_IRQHandler               0x0801015f   Thumb Code     0  startup_stm32f10x_hd.o(.text)
    EXTI0_IRQHandler                         0x0801015f   Thumb Code     0  startup_stm32f10x_hd.o(.text)
    EXTI2_IRQHandler                         0x0801015f   Thumb Code     0  startup_stm32f10x_hd.o(.text)
    EXTI3_IRQHandler                         0x0801015f   Thumb Code     0  startup_stm32f10x_hd.o(.text)
    EXTI9_5_IRQHandler                       0x0801015f   Thumb Code     0  startup_stm32f10x_hd.o(.text)
    FLASH_IRQHandler                         0x0801015f   Thumb Code     0  startup_stm32f10x_hd.o(.text)
    FSMC_IRQHandler                          0x0801015f   Thumb Code     0  startup_stm32f10x_hd.o(.text)
    I2C1_ER_IRQHandler                       0x0801015f   Thumb Code     0  startup_stm32f10x_hd.o(.text)
    I2C1_EV_IRQHandler                       0x0801015f   Thumb Code     0  startup_stm32f10x_hd.o(.text)
    I2C2_ER_IRQHandler                       0x0801015f   Thumb Code     0  startup_stm32f10x_hd.o(.text)
    I2C2_EV_IRQHandler                       0x0801015f   Thumb Code     0  startup_stm32f10x_hd.o(.text)
    PVD_IRQHandler                           0x0801015f   Thumb Code     0  startup_stm32f10x_hd.o(.text)
    RCC_IRQHandler                           0x0801015f   Thumb Code     0  startup_stm32f10x_hd.o(.text)
    RTCAlarm_IRQHandler                      0x0801015f   Thumb Code     0  startup_stm32f10x_hd.o(.text)
    RTC_IRQHandler                           0x0801015f   Thumb Code     0  startup_stm32f10x_hd.o(.text)
    SDIO_IRQHandler                          0x0801015f   Thumb Code     0  startup_stm32f10x_hd.o(.text)
    SPI3_IRQHandler                          0x0801015f   Thumb Code     0  startup_stm32f10x_hd.o(.text)
    TAMPER_IRQHandler                        0x0801015f   Thumb Code     0  startup_stm32f10x_hd.o(.text)
    TIM1_BRK_IRQHandler                      0x0801015f   Thumb Code     0  startup_stm32f10x_hd.o(.text)
    TIM1_CC_IRQHandler                       0x0801015f   Thumb Code     0  startup_stm32f10x_hd.o(.text)
    TIM1_TRG_COM_IRQHandler                  0x0801015f   Thumb Code     0  startup_stm32f10x_hd.o(.text)
    TIM1_UP_IRQHandler                       0x0801015f   Thumb Code     0  startup_stm32f10x_hd.o(.text)
    TIM4_IRQHandler                          0x0801015f   Thumb Code     0  startup_stm32f10x_hd.o(.text)
    TIM5_IRQHandler                          0x0801015f   Thumb Code     0  startup_stm32f10x_hd.o(.text)
    TIM6_IRQHandler                          0x0801015f   Thumb Code     0  startup_stm32f10x_hd.o(.text)
    TIM7_IRQHandler                          0x0801015f   Thumb Code     0  startup_stm32f10x_hd.o(.text)
    TIM8_BRK_IRQHandler                      0x0801015f   Thumb Code     0  startup_stm32f10x_hd.o(.text)
    TIM8_CC_IRQHandler                       0x0801015f   Thumb Code     0  startup_stm32f10x_hd.o(.text)
    TIM8_TRG_COM_IRQHandler                  0x0801015f   Thumb Code     0  startup_stm32f10x_hd.o(.text)
    TIM8_UP_IRQHandler                       0x0801015f   Thumb Code     0  startup_stm32f10x_hd.o(.text)
    UART4_IRQHandler                         0x0801015f   Thumb Code     0  startup_stm32f10x_hd.o(.text)
    UART5_IRQHandler                         0x0801015f   Thumb Code     0  startup_stm32f10x_hd.o(.text)
    USBWakeUp_IRQHandler                     0x0801015f   Thumb Code     0  startup_stm32f10x_hd.o(.text)
    USB_HP_CAN1_TX_IRQHandler                0x0801015f   Thumb Code     0  startup_stm32f10x_hd.o(.text)
    USB_LP_CAN1_RX0_IRQHandler               0x0801015f   Thumb Code     0  startup_stm32f10x_hd.o(.text)
    WWDG_IRQHandler                          0x0801015f   Thumb Code     0  startup_stm32f10x_hd.o(.text)
    __aeabi_memcpy                           0x08010169   Thumb Code    36  memcpya.o(.text)
    __aeabi_memcpy4                          0x08010169   Thumb Code     0  memcpya.o(.text)
    __aeabi_memcpy8                          0x08010169   Thumb Code     0  memcpya.o(.text)
    __aeabi_memset                           0x0801018d   Thumb Code    14  memseta.o(.text)
    __aeabi_memset4                          0x0801018d   Thumb Code     0  memseta.o(.text)
    __aeabi_memset8                          0x0801018d   Thumb Code     0  memseta.o(.text)
    __aeabi_memclr                           0x0801019b   Thumb Code     4  memseta.o(.text)
    __aeabi_memclr4                          0x0801019b   Thumb Code     0  memseta.o(.text)
    __aeabi_memclr8                          0x0801019b   Thumb Code     0  memseta.o(.text)
    _memset$wrapper                          0x0801019f   Thumb Code    18  memseta.o(.text)
    memcmp                                   0x080101b1   Thumb Code    26  memcmp.o(.text)
    __scatterload                            0x080101cd   Thumb Code    28  init.o(.text)
    __scatterload_rt2                        0x080101cd   Thumb Code     0  init.o(.text)
    __decompress                             0x080101f1   Thumb Code     0  __dczerorl2.o(.text)
    __decompress1                            0x080101f1   Thumb Code    86  __dczerorl2.o(.text)
    ADC1_2_IRQHandler                        0x08010249   Thumb Code   120  dwgl_adc.o(i.ADC1_2_IRQHandler)
    ADC1_3_PeriphClockCmd                    0x080102d5   Thumb Code    26  main.o(i.ADC1_3_PeriphClockCmd)
    ADC3_IRQHandler                          0x08010389   Thumb Code   120  dwgl_adc.o(i.ADC3_IRQHandler)
    ADC_ClearITPendingBit                    0x080104ad   Thumb Code    10  stm32f10x_adc.o(i.ADC_ClearITPendingBit)
    ADC_Cmd                                  0x080104b7   Thumb Code    22  stm32f10x_adc.o(i.ADC_Cmd)
    ADC_Configuration                        0x080104cd   Thumb Code    26  dwgl_adc.o(i.ADC_Configuration)
    ADC_DeInit                               0x080104f5   Thumb Code    78  stm32f10x_adc.o(i.ADC_DeInit)
    ADC_GetCalibrationStatus                 0x08010551   Thumb Code    20  stm32f10x_adc.o(i.ADC_GetCalibrationStatus)
    ADC_GetConversionValue                   0x08010565   Thumb Code     8  stm32f10x_adc.o(i.ADC_GetConversionValue)
    ADC_GetITStatus                          0x0801056d   Thumb Code    36  stm32f10x_adc.o(i.ADC_GetITStatus)
    ADC_GetResetCalibrationStatus            0x08010591   Thumb Code    20  stm32f10x_adc.o(i.ADC_GetResetCalibrationStatus)
    ADC_ITConfig                             0x080105a5   Thumb Code    24  stm32f10x_adc.o(i.ADC_ITConfig)
    ADC_Init                                 0x080105bd   Thumb Code    70  stm32f10x_adc.o(i.ADC_Init)
    ADC_RegularChannelConfig                 0x0801060d   Thumb Code   184  stm32f10x_adc.o(i.ADC_RegularChannelConfig)
    ADC_ResetCalibration                     0x080106c5   Thumb Code    10  stm32f10x_adc.o(i.ADC_ResetCalibration)
    ADC_SoftwareStartConvCmd                 0x080106cf   Thumb Code    22  stm32f10x_adc.o(i.ADC_SoftwareStartConvCmd)
    ADC_StartCalibration                     0x080106e5   Thumb Code    10  stm32f10x_adc.o(i.ADC_StartCalibration)
    BusFault_Handler                         0x080106ef   Thumb Code     4  stm32f10x_it.o(i.BusFault_Handler)
    CHIP_PRO                                 0x080106f5   Thumb Code   454  dwgl_chipflash.o(i.CHIP_PRO)
    Check_CHIP_PRO                           0x080108c9   Thumb Code   568  dwgl_chipflash.o(i.Check_CHIP_PRO)
    DMA1_Channel1_IRQHandler                 0x08010b11   Thumb Code    48  dwgl_dma.o(i.DMA1_Channel1_IRQHandler)
    DMA1_Channel2_IRQHandler                 0x08010b51   Thumb Code    26  dwgl_dma.o(i.DMA1_Channel2_IRQHandler)
    DMA1_Channel2_Init                       0x08010b75   Thumb Code    82  dwgl_dma.o(i.DMA1_Channel2_Init)
    DMA_ClearFlag                            0x08010bd1   Thumb Code    18  stm32f10x_dma.o(i.DMA_ClearFlag)
    DMA_Cmd                                  0x08010bed   Thumb Code    24  stm32f10x_dma.o(i.DMA_Cmd)
    DMA_Configuration                        0x08010c05   Thumb Code    12  dwgl_dma.o(i.DMA_Configuration)
    DMA_DeInit                               0x08010c15   Thumb Code   324  stm32f10x_dma.o(i.DMA_DeInit)
    DMA_Init                                 0x08010d61   Thumb Code    60  stm32f10x_dma.o(i.DMA_Init)
    DebugMon_Handler                         0x08010d9d   Thumb Code     2  stm32f10x_it.o(i.DebugMon_Handler)
    Delay_10ms                               0x08010d9f   Thumb Code    32  dwgl_wb_lcd.o(i.Delay_10ms)
    Delay_ms                                 0x08010dc1   Thumb Code    36  bsp_systick.o(i.Delay_ms)
    DisplayPROT_EWM                          0x08010de9   Thumb Code   224  dwgl_tft.o(i.DisplayPROT_EWM)
    EXTI15_10_IRQHandler                     0x08010ecd   Thumb Code    62  dwgl_exti.o(i.EXTI15_10_IRQHandler)
    EXTI1_IRQHandler                         0x08010f15   Thumb Code    58  dwgl_exti.o(i.EXTI1_IRQHandler)
    EXTI4_IRQHandler                         0x08010f59   Thumb Code    24  stm32f10x_it.o(i.EXTI4_IRQHandler)
    EXTI_ClearITPendingBit                   0x08010f75   Thumb Code     6  stm32f10x_exti.o(i.EXTI_ClearITPendingBit)
    EXTI_GetITStatus                         0x08010f81   Thumb Code    34  stm32f10x_exti.o(i.EXTI_GetITStatus)
    FLASH2_CSSelect                          0x08010fa9   Thumb Code    28  pm25lq512flash.o(i.FLASH2_CSSelect)
    FLASH2_GPIOSPI_IsBusy                    0x08010fc9   Thumb Code   128  dwgl_spi.o(i.FLASH2_GPIOSPI_IsBusy)
    FLASH2_GPIOSPI_Read                      0x08011051   Thumb Code   216  dwgl_spi.o(i.FLASH2_GPIOSPI_Read)
    FLASH2_GPIOSPI_SE                        0x08011131   Thumb Code   178  dwgl_spi.o(i.FLASH2_GPIOSPI_SE)
    FLASH2_GPIOSPI_SER                       0x080111e9   Thumb Code   178  dwgl_spi.o(i.FLASH2_GPIOSPI_SER)
    FLASH2_GPIOSPI_Write                     0x080112a1   Thumb Code   198  dwgl_spi.o(i.FLASH2_GPIOSPI_Write)
    FLASH_ClearFlag                          0x0801136d   Thumb Code     6  stm32f10x_flash.o(i.FLASH_ClearFlag)
    FLASH_ErasePage                          0x08011379   Thumb Code    72  stm32f10x_flash.o(i.FLASH_ErasePage)
    FLASH_GetBank1Status                     0x080113c5   Thumb Code    48  stm32f10x_flash.o(i.FLASH_GetBank1Status)
    FLASH_Lock                               0x080113f9   Thumb Code    14  stm32f10x_flash.o(i.FLASH_Lock)
    FLASH_ProgramHalfWord                    0x0801140d   Thumb Code    60  stm32f10x_flash.o(i.FLASH_ProgramHalfWord)
    FLASH_Unlock                             0x0801144d   Thumb Code    12  stm32f10x_flash.o(i.FLASH_Unlock)
    FLASH_WaitForLastOperation               0x08011465   Thumb Code    38  stm32f10x_flash.o(i.FLASH_WaitForLastOperation)
    FSMC_LCDInit                             0x0801148b   Thumb Code   130  dwgl_wb_lcd.o(i.FSMC_LCDInit)
    FSMC_NORSRAMCmd                          0x0801150d   Thumb Code    46  stm32f10x_fsmc.o(i.FSMC_NORSRAMCmd)
    FSMC_NORSRAMInit                         0x08011541   Thumb Code   230  stm32f10x_fsmc.o(i.FSMC_NORSRAMInit)
    FiletoBuffer_ID                          0x08011629   Thumb Code   208  dwgl_function.o(i.FiletoBuffer_ID)
    GPIO_Init                                0x080116fd   Thumb Code   278  stm32f10x_gpio.o(i.GPIO_Init)
    GPIO_NegationBits                        0x08011813   Thumb Code     8  bsp_led.o(i.GPIO_NegationBits)
    GPIO_PinRemapConfig                      0x0801181d   Thumb Code   138  stm32f10x_gpio.o(i.GPIO_PinRemapConfig)
    GPIO_ReadInputDataBit                    0x080118ad   Thumb Code    18  stm32f10x_gpio.o(i.GPIO_ReadInputDataBit)
    GPIO_ResetBits                           0x080118bf   Thumb Code     4  stm32f10x_gpio.o(i.GPIO_ResetBits)
    GPIO_SetBits                             0x080118c3   Thumb Code     4  stm32f10x_gpio.o(i.GPIO_SetBits)
    Get_ADC_BaseLine                         0x080118c9   Thumb Code   166  dwgl_function.o(i.Get_ADC_BaseLine)
    HardFault_Handler                        0x08011985   Thumb Code     4  stm32f10x_it.o(i.HardFault_Handler)
    IWDG_Enable                              0x08011989   Thumb Code    10  stm32f10x_iwdg.o(i.IWDG_Enable)
    IWDG_Init                                0x08011999   Thumb Code    36  wdg.o(i.IWDG_Init)
    IWDG_ReloadCounter                       0x080119bd   Thumb Code    10  stm32f10x_iwdg.o(i.IWDG_ReloadCounter)
    IWDG_SetPrescaler                        0x080119cd   Thumb Code     6  stm32f10x_iwdg.o(i.IWDG_SetPrescaler)
    IWDG_SetReload                           0x080119d9   Thumb Code     6  stm32f10x_iwdg.o(i.IWDG_SetReload)
    IWDG_WriteAccessCmd                      0x080119e5   Thumb Code     6  stm32f10x_iwdg.o(i.IWDG_WriteAccessCmd)
    LCD_Clear                                0x080119f1   Thumb Code    56  dwgl_wb_lcd.o(i.LCD_Clear)
    LCD_Fill                                 0x08011a2d   Thumb Code    80  dwgl_wb_lcd.o(i.LCD_Fill)
    LCD_IOConfig                             0x08011a81   Thumb Code    72  dwgl_wb_lcd.o(i.LCD_IOConfig)
    LCD_Init                                 0x08011ad1   Thumb Code   848  dwgl_wb_lcd.o(i.LCD_Init)
    LCD_Init1                                0x08011e2d   Thumb Code   848  dwgl_wb_lcd.o(i.LCD_Init1)
    LCD_TEST                                 0x08012189   Thumb Code   420  dwgl_function.o(i.LCD_TEST)
    LCD_WindowMax                            0x0801233d   Thumb Code    62  dwgl_wb_lcd.o(i.LCD_WindowMax)
    LCD_WriteRAM_Prepare                     0x08012381   Thumb Code     8  dwgl_wb_lcd.o(i.LCD_WriteRAM_Prepare)
    LCD_into_power_on_state                  0x08012389   Thumb Code    70  main.o(i.LCD_into_power_on_state)
    LED_GPIO_Config                          0x080123d9   Thumb Code   348  bsp_led.o(i.LED_GPIO_Config)
    MemManage_Handler                        0x08012555   Thumb Code     4  stm32f10x_it.o(i.MemManage_Handler)
    NMI_Handler                              0x08012559   Thumb Code     2  stm32f10x_it.o(i.NMI_Handler)
    NVIC_Configuration                       0x0801255b   Thumb Code   154  dwgl_global.o(i.NVIC_Configuration)
    NVIC_Init                                0x080125f5   Thumb Code   100  misc.o(i.NVIC_Init)
    PendSV_Handler                           0x08012689   Thumb Code     2  stm32f10x_it.o(i.PendSV_Handler)
    RCC_ADCCLKConfig                         0x0801268d   Thumb Code    18  stm32f10x_rcc.o(i.RCC_ADCCLKConfig)
    RCC_AHBPeriphClockCmd                    0x080126a5   Thumb Code    26  stm32f10x_rcc.o(i.RCC_AHBPeriphClockCmd)
    RCC_APB1PeriphClockCmd                   0x080126c5   Thumb Code    26  stm32f10x_rcc.o(i.RCC_APB1PeriphClockCmd)
    RCC_APB1PeriphResetCmd                   0x080126e5   Thumb Code    26  stm32f10x_rcc.o(i.RCC_APB1PeriphResetCmd)
    RCC_APB2PeriphClockCmd                   0x08012705   Thumb Code    26  stm32f10x_rcc.o(i.RCC_APB2PeriphClockCmd)
    RCC_APB2PeriphResetCmd                   0x08012725   Thumb Code    26  stm32f10x_rcc.o(i.RCC_APB2PeriphResetCmd)
    RCC_GetClocksFreq                        0x08012745   Thumb Code   192  stm32f10x_rcc.o(i.RCC_GetClocksFreq)
    RGB888_565                               0x08012819   Thumb Code   494  dwgl_function.o(i.RGB888_565)
    SPI1_DMARecive                           0x08012a15   Thumb Code    46  dwgl_dma.o(i.SPI1_DMARecive)
    SPI1_IRQHandler                          0x08012a4d   Thumb Code    86  dwgl_spi.o(i.SPI1_IRQHandler)
    SPI2_IRQHandler                          0x08012b79   Thumb Code     2  dwgl_spi.o(i.SPI2_IRQHandler)
    SPI_Cmd                                  0x08012b7b   Thumb Code    24  stm32f10x_spi.o(i.SPI_Cmd)
    SPI_Configuration                        0x08012b95   Thumb Code    24  dwgl_spi.o(i.SPI_Configuration)
    SPI_I2S_ClearITPendingBit                0x08012bbd   Thumb Code    20  stm32f10x_spi.o(i.SPI_I2S_ClearITPendingBit)
    SPI_I2S_DeInit                           0x08012bd1   Thumb Code    76  stm32f10x_spi.o(i.SPI_I2S_DeInit)
    SPI_I2S_GetFlagStatus                    0x08012c29   Thumb Code    18  stm32f10x_spi.o(i.SPI_I2S_GetFlagStatus)
    SPI_I2S_GetITStatus                      0x08012c3b   Thumb Code    52  stm32f10x_spi.o(i.SPI_I2S_GetITStatus)
    SPI_Init                                 0x08012c6f   Thumb Code    60  stm32f10x_spi.o(i.SPI_Init)
    SVC_Handler                              0x08012cab   Thumb Code     2  stm32f10x_it.o(i.SVC_Handler)
    SysTick_Handler                          0x08012d95   Thumb Code    62  stm32f10x_it.o(i.SysTick_Handler)
    SysTick_Init                             0x08012de9   Thumb Code   108  bsp_systick.o(i.SysTick_Init)
    SystemInit                               0x08012e61   Thumb Code    76  system_stm32f10x.o(i.SystemInit)
    TIM2_IRQHandler                          0x08012ec1   Thumb Code     2  dwgl_tim.o(i.TIM2_IRQHandler)
    TIM3_IRQHandler                          0x08012ec5   Thumb Code    48  dwgl_tim.o(i.TIM3_IRQHandler)
    TIM_ClearITPendingBit                    0x08012f05   Thumb Code     6  stm32f10x_tim.o(i.TIM_ClearITPendingBit)
    TIM_GetITStatus                          0x08012f0b   Thumb Code    34  stm32f10x_tim.o(i.TIM_GetITStatus)
    TimingDelay_Decrement                    0x08012f2d   Thumb Code    18  bsp_systick.o(i.TimingDelay_Decrement)
    UART1_Send_Data                          0x08012fd1   Thumb Code   100  dwgl_sci.o(i.UART1_Send_Data)
    UART3_Send_Data                          0x080130e1   Thumb Code    44  dwgl_sci.o(i.UART3_Send_Data)
    UART_Configuration                       0x08013111   Thumb Code    50  dwgl_sci.o(i.UART_Configuration)
    USART1_IRQHandler                        0x08013161   Thumb Code   136  dwgl_sci.o(i.USART1_IRQHandler)
    USART2_IRQHandler                        0x08013201   Thumb Code    94  dwgl_sci.o(i.USART2_IRQHandler)
    USART3_IRQHandler                        0x08013275   Thumb Code    92  dwgl_sci.o(i.USART3_IRQHandler)
    USART_ClearITPendingBit                  0x080132e5   Thumb Code    30  stm32f10x_usart.o(i.USART_ClearITPendingBit)
    USART_Cmd                                0x08013303   Thumb Code    24  stm32f10x_usart.o(i.USART_Cmd)
    USART_GetITStatus                        0x0801331b   Thumb Code    84  stm32f10x_usart.o(i.USART_GetITStatus)
    USART_ITConfig                           0x0801336f   Thumb Code    74  stm32f10x_usart.o(i.USART_ITConfig)
    USART_Init                               0x080133b9   Thumb Code   210  stm32f10x_usart.o(i.USART_Init)
    UsageFault_Handler                       0x08013491   Thumb Code     4  stm32f10x_it.o(i.UsageFault_Handler)
    Version_display                          0x08013495   Thumb Code   102  dwgl_function.o(i.Version_display)
    __scatterload_copy                       0x08013501   Thumb Code    14  handlers.o(i.__scatterload_copy)
    __scatterload_null                       0x0801350f   Thumb Code     2  handlers.o(i.__scatterload_null)
    __scatterload_zeroinit                   0x08013511   Thumb Code    14  handlers.o(i.__scatterload_zeroinit)
    check_device_plugin                      0x08013521   Thumb Code    42  main.o(i.check_device_plugin)
    check_hub_link_state                     0x0801356d   Thumb Code   228  main.o(i.check_hub_link_state)
    check_key_press_down_to_reset_board      0x08013675   Thumb Code    40  main.o(i.check_key_press_down_to_reset_board)
    cmd3_Get_State                           0x080136a1   Thumb Code   180  dwgl_function.o(i.cmd3_Get_State)
    cmd3_Set_State                           0x08013765   Thumb Code   422  dwgl_function.o(i.cmd3_Set_State)
    cmd3_ShakeHands                          0x0801392d   Thumb Code   152  dwgl_function.o(i.cmd3_ShakeHands)
    com_check_qr_code                        0x080139e5   Thumb Code   172  main.o(i.com_check_qr_code)
    com_chip_pro                             0x08013a99   Thumb Code   544  main.o(i.com_chip_pro)
    com_file_called                          0x08013ccd   Thumb Code   718  main.o(i.com_file_called)
    com_file_erase                           0x08013fb9   Thumb Code   300  main.o(i.com_file_erase)
    com_file_operations_request              0x080140f5   Thumb Code   764  main.o(i.com_file_operations_request)
    com_file_transfer                        0x08014415   Thumb Code   624  main.o(i.com_file_transfer)
    com_get_ad_count                         0x080146a5   Thumb Code   106  main.o(i.com_get_ad_count)
    com_get_adc                              0x0801471d   Thumb Code   120  main.o(i.com_get_adc)
    com_get_charge_speed                     0x08014799   Thumb Code   242  main.o(i.com_get_charge_speed)
    com_get_embedded_version                 0x08014899   Thumb Code    92  main.o(i.com_get_embedded_version)
    com_get_port_state                       0x080148fd   Thumb Code   106  main.o(i.com_get_port_state)
    com_get_version                          0x08014975   Thumb Code   166  main.o(i.com_get_version)
    com_handshake                            0x08014a29   Thumb Code   214  main.o(i.com_handshake)
    com_hub_reset                            0x08014b19   Thumb Code   362  main.o(i.com_hub_reset)
    com_media_time_ctrl                      0x08014c91   Thumb Code   388  main.o(i.com_media_time_ctrl)
    com_power_off                            0x08014e35   Thumb Code   138  main.o(i.com_power_off)
    com_power_on                             0x08014edd   Thumb Code   372  main.o(i.com_power_on)
    com_read_flash                           0x08015081   Thumb Code    64  main.o(i.com_read_flash)
    com_rgb888_565                           0x080150c5   Thumb Code   390  main.o(i.com_rgb888_565)
    com_rgb_clear                            0x08015261   Thumb Code   122  main.o(i.com_rgb_clear)
    com_save_adc                             0x080152dd   Thumb Code   112  main.o(i.com_save_adc)
    com_set_device_num                       0x08015359   Thumb Code   510  main.o(i.com_set_device_num)
    com_set_version                          0x08015579   Thumb Code   230  main.o(i.com_set_version)
    com_write_flash                          0x08015679   Thumb Code   148  main.o(i.com_write_flash)
    deal_LCD1_task_at_regular_time           0x08015715   Thumb Code    10  main.o(i.deal_LCD1_task_at_regular_time)
    deal_LCD2_task_at_regular_time           0x0801571f   Thumb Code    10  main.o(i.deal_LCD2_task_at_regular_time)
    deal_LCD_task_at_regular_time            0x08015729   Thumb Code    74  main.o(i.deal_LCD_task_at_regular_time)
    deal_cmd_data                            0x08015785   Thumb Code   432  main.o(i.deal_cmd_data)
    deal_task_at_regular_time                0x08015935   Thumb Code    66  main.o(i.deal_task_at_regular_time)
    deal_task_at_regular_time0               0x08015985   Thumb Code   164  main.o(i.deal_task_at_regular_time0)
    delay_cycle                              0x08015a3d   Thumb Code    14  pm25lq512flash.o(i.delay_cycle)
    display_flash_BMP                        0x08015a4d   Thumb Code   704  dwgl_tft.o(i.display_flash_BMP)
    display_flash_BMPE                       0x08015d1d   Thumb Code   818  dwgl_tft.o(i.display_flash_BMPE)
    get_ADC1_3_data                          0x08016055   Thumb Code   158  dwgl_function.o(i.get_ADC1_3_data)
    get_checksum                             0x08016105   Thumb Code    40  dwgl_function.o(i.get_checksum)
    init_LCD_background                      0x080161d1   Thumb Code   110  main.o(i.init_LCD_background)
    init_LCD_config                          0x08016245   Thumb Code   126  main.o(i.init_LCD_config)
    init_base_data                           0x0801652d   Thumb Code   100  main.o(i.init_base_data)
    is_com_msg_head                          0x080165a1   Thumb Code    64  dwgl_function.o(i.is_com_msg_head)
    led_power_ctrl                           0x080165e1   Thumb Code   126  dwgl_function.o(i.led_power_ctrl)
    main                                     0x08016669   Thumb Code   142  main.o(i.main)
    port_Charge_State                        0x0801670d   Thumb Code   364  dwgl_function.o(i.port_Charge_State)
    process_com_data                         0x08016891   Thumb Code   372  dwgl_function.o(i.process_com_data)
    rewrite_ADC_BaseLine_flash_data          0x08016a09   Thumb Code   190  dwgl_function.o(i.rewrite_ADC_BaseLine_flash_data)
    sprintf_com_cmd                          0x08016ad9   Thumb Code   568  main.o(i.sprintf_com_cmd)
    synthesize_function                      0x08016d15   Thumb Code   678  main.o(i.synthesize_function)
    tft_1bitdeep_TXT                         0x08016fdd   Thumb Code   554  dwgl_tft.o(i.tft_1bitdeep_TXT)
    tft_Clear                                0x08017211   Thumb Code    56  dwgl_tft.o(i.tft_Clear)
    tft_DisplayStr                           0x08017249   Thumb Code   118  dwgl_tft.o(i.tft_DisplayStr)
    tft_ShowCharE                            0x080172c1   Thumb Code   142  dwgl_tft.o(i.tft_ShowCharE)
    tft_ShowHzE                              0x08017359   Thumb Code   196  dwgl_tft.o(i.tft_ShowHzE)
    tft_cs_disable                           0x08017425   Thumb Code    38  dwgl_tft.o(i.tft_cs_disable)
    tft_cs_enable                            0x08017451   Thumb Code    38  dwgl_tft.o(i.tft_cs_enable)
    uart3_cmd                                0x0801747d   Thumb Code   274  main.o(i.uart3_cmd)
    update_LCD1_screen_protect               0x080175a9   Thumb Code    10  main.o(i.update_LCD1_screen_protect)
    update_LCD2_screen_protect               0x080175b3   Thumb Code    10  main.o(i.update_LCD2_screen_protect)
    update_advertisement                     0x080175bd   Thumb Code   172  main.o(i.update_advertisement)
    update_qrcode_at_regular_time            0x08017679   Thumb Code   132  main.o(i.update_qrcode_at_regular_time)
    usb_mutually_exclusive_power_on          0x080177ed   Thumb Code   158  dwgl_function.o(i.usb_mutually_exclusive_power_on)
    usb_power_ctrl                           0x08017895   Thumb Code   122  dwgl_function.o(i.usb_power_ctrl)
    gImage10_16_288_1bitC                    0x08017d64   Data         640  gimage10_16_288_1bitc.o(.constdata)
    AsciiLib                                 0x08017fe4   Data        1520  asciilib_65k.o(.constdata)
    HzLib                                    0x080185d4   Data       216576  hzlib_65k.o(.constdata)
    Region$$Table$$Base                      0x0804d3d4   Number         0  anon$$obj.o(Region$$Table)
    Region$$Table$$Limit                     0x0804d3f4   Number         0  anon$$obj.o(Region$$Table)
    SystemCoreClock                          0x20000000   Data           4  system_stm32f10x.o(.data)
    AHBPrescTable                            0x20000004   Data          16  system_stm32f10x.o(.data)
    time_sys                                 0x20000064   Data           4  dwgl_global.o(.data)
    step                                     0x20000068   Data           2  dwgl_global.o(.data)
    time_s                                   0x2000006a   Data           2  dwgl_global.o(.data)
    testcmd1_time                            0x2000006c   Data           2  dwgl_global.o(.data)
    testcmd3_time                            0x2000006e   Data           2  dwgl_global.o(.data)
    time_s_temp                              0x20000070   Data           4  dwgl_global.o(.data)
    time_sys_temp1                           0x20000074   Data           4  dwgl_global.o(.data)
    time_sys_temp2                           0x20000078   Data           4  dwgl_global.o(.data)
    time_sys_temp3                           0x2000007c   Data           4  dwgl_global.o(.data)
    time_sys_temp4                           0x20000080   Data           4  dwgl_global.o(.data)
    time_sys_temp5                           0x20000084   Data           4  dwgl_global.o(.data)
    global_u8temp                            0x20000088   Data           1  dwgl_global.o(.data)
    global_u8p                               0x2000008c   Data           4  dwgl_global.o(.data)
    global_u16temp                           0x20000090   Data           2  dwgl_global.o(.data)
    global_u16p                              0x20000094   Data           4  dwgl_global.o(.data)
    touch_flag                               0x20000098   Data           1  dwgl_global.o(.data)
    time_uart1                               0x2000009c   Data           4  dwgl_global.o(.data)
    time_uart3                               0x200000a0   Data           4  dwgl_global.o(.data)
    Uport_PowerSetTime                       0x200000a4   Data           4  dwgl_global.o(.data)
    Uport_PowerUseTime                       0x200000a8   Data           4  dwgl_global.o(.data)
    Uport_PowerShowTime                      0x200000ac   Data           4  dwgl_global.o(.data)
    Dport_State                              0x200000b0   Data           6  dwgl_global.o(.data)
    checking_portB                           0x200000b6   Data           1  dwgl_global.o(.data)
    checking_portC                           0x200000b7   Data           1  dwgl_global.o(.data)
    checking_port                            0x200000b8   Data           2  dwgl_global.o(.data)
    LOW_portB                                0x200000ba   Data           1  dwgl_global.o(.data)
    LOW_portC                                0x200000bb   Data           1  dwgl_global.o(.data)
    file_area_addr_min                       0x200000bc   Data          24  dwgl_global.o(.data)
    file_area_addr_max                       0x200000d4   Data          24  dwgl_global.o(.data)
    file_addr                                0x200000ec   Data           4  dwgl_global.o(.data)
    Rfile_addr                               0x200000f0   Data           4  dwgl_global.o(.data)
    file_hook                                0x200000f4   Data           1  dwgl_global.o(.data)
    file_wr                                  0x200000f5   Data           1  dwgl_global.o(.data)
    file_id                                  0x200000f6   Data           1  dwgl_global.o(.data)
    NextFileAddr                             0x200000f8   Data           4  dwgl_global.o(.data)
    check_time                               0x200000fc   Data           4  dwgl_global.o(.data)
    UART1_RXBUFFE_HEAD                       0x20000100   Data           2  dwgl_global.o(.data)
    UART1_RXBUFFE_LAST                       0x20000102   Data           2  dwgl_global.o(.data)
    UART3_RXBUFFE_HEAD                       0x20000104   Data           2  dwgl_global.o(.data)
    UART3_RXBUFFE_LAST                       0x20000106   Data           2  dwgl_global.o(.data)
    AINx_ADCch                               0x20000108   Data          18  dwgl_global.o(.data)
    charge_speed                             0x2000011a   Data           2  dwgl_global.o(.data)
    SF_REG                                   0x2000011c   Data           1  dwgl_global.o(.data)
    GAIN_REG                                 0x2000011d   Data           1  dwgl_global.o(.data)
    Sine12bit                                0x2000011e   Data          64  dwgl_global.o(.data)
    co_x                                     0x2000015e   Data          20  dwgl_global.o(.data)
    co_y                                     0x20000172   Data          20  dwgl_global.o(.data)
    xy_3                                     0x20000186   Data          18  dwgl_global.o(.data)
    USB_GPIO_Pin                             0x20000198   Data          12  dwgl_function.o(.data)
    USB_GPIOx                                0x200001a4   Data          24  dwgl_function.o(.data)
    USB_9V_GPIO_Pin                          0x200001bc   Data          12  dwgl_function.o(.data)
    USB_9V_GPIOx                             0x200001c8   Data          24  dwgl_function.o(.data)
    LED_GPIO_Pin                             0x200001e0   Data           6  dwgl_function.o(.data)
    LED_GPIOx                                0x200001e8   Data          12  dwgl_function.o(.data)
    HUB_SELECT_GPIO_Pin                      0x200001f4   Data           8  dwgl_function.o(.data)
    HUB_SELECT_GPIOx                         0x200001fc   Data          16  dwgl_function.o(.data)
    ADC1_Pointer                             0x20000218   Data           4  dwgl_adc.o(.data)
    ADC1_BufSize                             0x2000021c   Data           2  dwgl_adc.o(.data)
    ADC1_Length                              0x2000021e   Data           2  dwgl_adc.o(.data)
    ADC1_State                               0x20000220   Data           1  dwgl_adc.o(.data)
    ADC1_Error                               0x20000221   Data           1  dwgl_adc.o(.data)
    ADC1_Buffer                              0x20000222   Data           2  dwgl_adc.o(.data)
    ADC2_Pointer                             0x20000224   Data           4  dwgl_adc.o(.data)
    ADC2_BufSize                             0x20000228   Data           2  dwgl_adc.o(.data)
    ADC2_Length                              0x2000022a   Data           2  dwgl_adc.o(.data)
    ADC2_State                               0x2000022c   Data           1  dwgl_adc.o(.data)
    ADC2_Error                               0x2000022d   Data           1  dwgl_adc.o(.data)
    ADC2_Buffer                              0x2000022e   Data           2  dwgl_adc.o(.data)
    ADC3_Pointer                             0x20000230   Data           4  dwgl_adc.o(.data)
    ADC1_channel                             0x20000234   Data          18  dwgl_adc.o(.data)
    ADC3_channel                             0x20000247   Data          18  dwgl_adc.o(.data)
    DMA1_Channel1_Pointer                    0x2000025c   Data           4  dwgl_dma.o(.data)
    DMA1_Channel1_State                      0x20000260   Data           1  dwgl_dma.o(.data)
    DMA1_Channel1_Error                      0x20000261   Data           1  dwgl_dma.o(.data)
    DMA1_Channel1_Buffer                     0x20000264   Data           4  dwgl_dma.o(.data)
    DMA2_Channel1_Pointer                    0x20000268   Data           4  dwgl_dma.o(.data)
    DMA2_Channel1_State                      0x2000026c   Data           1  dwgl_dma.o(.data)
    DMA2_Channel1_Error                      0x2000026d   Data           1  dwgl_dma.o(.data)
    DMA2_Channel1_Buffer                     0x20000270   Data           4  dwgl_dma.o(.data)
    TIM2_Pointer                             0x20000274   Data           4  dwgl_tim.o(.data)
    TIM2_State                               0x20000278   Data           1  dwgl_tim.o(.data)
    TIM2_Error                               0x20000279   Data           1  dwgl_tim.o(.data)
    TIM2_Buffer                              0x2000027a   Data           2  dwgl_tim.o(.data)
    TIM2_Counter                             0x2000027c   Data           2  dwgl_tim.o(.data)
    TIM3_Pointer                             0x20000280   Data           4  dwgl_tim.o(.data)
    TIM3_State                               0x20000284   Data           1  dwgl_tim.o(.data)
    TIM3_Error                               0x20000285   Data           1  dwgl_tim.o(.data)
    TIM3_Buffer                              0x20000286   Data           2  dwgl_tim.o(.data)
    TIM3_Counter                             0x20000288   Data           2  dwgl_tim.o(.data)
    EXTI1_Pointer                            0x2000028c   Data           4  dwgl_exti.o(.data)
    EXTI1_State                              0x20000290   Data           1  dwgl_exti.o(.data)
    EXTI1_Error                              0x20000291   Data           1  dwgl_exti.o(.data)
    EXTI1_Counter                            0x20000292   Data           2  dwgl_exti.o(.data)
    EXTI15_10_Pointer                        0x20000294   Data           4  dwgl_exti.o(.data)
    EXTI15_10_State                          0x20000298   Data           1  dwgl_exti.o(.data)
    EXTI15_10_Error                          0x20000299   Data           1  dwgl_exti.o(.data)
    EXTI15_10_Counter                        0x2000029a   Data           2  dwgl_exti.o(.data)
    UART1_Receive_Pointer                    0x2000029c   Data           4  dwgl_sci.o(.data)
    UART1_Receive_BufSize                    0x200002a0   Data           2  dwgl_sci.o(.data)
    UART1_Receive_Length                     0x200002a2   Data           2  dwgl_sci.o(.data)
    UART1_Trans_Pointer                      0x200002a4   Data           4  dwgl_sci.o(.data)
    UART1_Trans_BufSize                      0x200002a8   Data           2  dwgl_sci.o(.data)
    UART1_Trans_Length                       0x200002aa   Data           2  dwgl_sci.o(.data)
    UART1_TX_State                           0x200002ac   Data           1  dwgl_sci.o(.data)
    UART1_RX_State                           0x200002ad   Data           1  dwgl_sci.o(.data)
    UART1_Error                              0x200002ae   Data           1  dwgl_sci.o(.data)
    UART2_Receive_Pointer                    0x200002b0   Data           4  dwgl_sci.o(.data)
    UART2_Receive_BufSize                    0x200002b4   Data           2  dwgl_sci.o(.data)
    UART2_Receive_Length                     0x200002b6   Data           2  dwgl_sci.o(.data)
    UART2_Trans_Pointer                      0x200002b8   Data           4  dwgl_sci.o(.data)
    UART2_Trans_BufSize                      0x200002bc   Data           2  dwgl_sci.o(.data)
    UART2_Trans_Length                       0x200002be   Data           2  dwgl_sci.o(.data)
    UART2_TX_State                           0x200002c0   Data           1  dwgl_sci.o(.data)
    UART2_RX_State                           0x200002c1   Data           1  dwgl_sci.o(.data)
    UART2_Error                              0x200002c2   Data           1  dwgl_sci.o(.data)
    UART3_Receive_Pointer                    0x200002c4   Data           4  dwgl_sci.o(.data)
    UART3_Receive_BufSize                    0x200002c8   Data           2  dwgl_sci.o(.data)
    UART3_Receive_Length                     0x200002ca   Data           2  dwgl_sci.o(.data)
    UART3_Trans_Pointer                      0x200002cc   Data           4  dwgl_sci.o(.data)
    UART3_Trans_BufSize                      0x200002d0   Data           2  dwgl_sci.o(.data)
    UART3_Trans_Length                       0x200002d2   Data           2  dwgl_sci.o(.data)
    UART3_TX_State                           0x200002d4   Data           1  dwgl_sci.o(.data)
    UART3_RX_State                           0x200002d5   Data           1  dwgl_sci.o(.data)
    UART3_Error                              0x200002d6   Data           1  dwgl_sci.o(.data)
    FLASH_u8temp                             0x200002d8   Data           1  pm25lq512flash.o(.data)
    FLASH_u16temp                            0x200002da   Data           2  pm25lq512flash.o(.data)
    SPI1_Receive_Pointer                     0x200002dc   Data           4  dwgl_spi.o(.data)
    SPI1_Receive_BufSize                     0x200002e0   Data           2  dwgl_spi.o(.data)
    SPI1_Receive_Length                      0x200002e2   Data           2  dwgl_spi.o(.data)
    SPI1_Trans_Pointer                       0x200002e4   Data           4  dwgl_spi.o(.data)
    SPI1_Trans_BufSize                       0x200002e8   Data           2  dwgl_spi.o(.data)
    SPI1_Trans_Length                        0x200002ea   Data           2  dwgl_spi.o(.data)
    SPI1_TX_State                            0x200002ec   Data           1  dwgl_spi.o(.data)
    SPI1_RX_State                            0x200002ed   Data           1  dwgl_spi.o(.data)
    SPI1_Error                               0x200002ee   Data           1  dwgl_spi.o(.data)
    SPI2_Receive_Pointer                     0x200002f0   Data           4  dwgl_spi.o(.data)
    SPI2_Receive_BufSize                     0x200002f4   Data           2  dwgl_spi.o(.data)
    SPI2_Receive_Length                      0x200002f6   Data           2  dwgl_spi.o(.data)
    SPI2_Trans_Pointer                       0x200002f8   Data           4  dwgl_spi.o(.data)
    SPI2_Trans_BufSize                       0x200002fc   Data           2  dwgl_spi.o(.data)
    SPI2_Trans_Length                        0x200002fe   Data           2  dwgl_spi.o(.data)
    SPI2_TX_State                            0x20000300   Data           1  dwgl_spi.o(.data)
    SPI2_RX_State                            0x20000301   Data           1  dwgl_spi.o(.data)
    SPI2_Error                               0x20000302   Data           1  dwgl_spi.o(.data)
    g32_temp                                 0x20000304   Data           4  dwgl_tft.o(.data)
    g16_temp                                 0x20000308   Data           2  dwgl_tft.o(.data)
    AnsiChardata                             0x2000030a   Data          32  dwgl_tft.o(.data)
    HZ_XZWM                                  0x2000032a   Data           9  dwgl_tft.o(.data)
    HZ_SRFY                                  0x20000333   Data           9  dwgl_tft.o(.data)
    base_add                                 0x2000033c   Data           2  dwgl_chipflash.o(.data)
    APP_EN                                   0x2000033e   Data           1  dwgl_chipflash.o(.data)
    KEEP_EN                                  0x2000033f   Data           1  dwgl_chipflash.o(.data)
    PRO_State                                0x20000340   Data           1  dwgl_chipflash.o(.data)
    jump2app                                 0x20000344   Data           4  dwgl_chipflash.o(.data)
    device                                   0x20000348   Data          36  dwgl_global.o(.bss)
    file_t                                   0x2000036c   Data          18  dwgl_global.o(.bss)
    info2STR                                 0x2000037e   Data         171  dwgl_global.o(.bss)
    LCDC                                     0x2000042a   Data          22  dwgl_global.o(.bss)
    stru_cmd_recv                            0x20000440   Data         272  dwgl_global.o(.bss)
    global_u16BUFFER                         0x20000550   Data         256  dwgl_global.o(.bss)
    global_u8BUFFER                          0x20000650   Data         128  dwgl_global.o(.bss)
    str_buffer                               0x200006d0   Data        4100  dwgl_global.o(.bss)
    str_buffer1                              0x200016d4   Data        4100  dwgl_global.o(.bss)
    LCD_TxtBuffer                            0x200026d8   Data        4100  dwgl_global.o(.bss)
    Dport_PowerSetTime                       0x200036dc   Data          12  dwgl_global.o(.bss)
    Dport_PowerUseTime                       0x200036e8   Data          12  dwgl_global.o(.bss)
    UART_BUFFER                              0x200036f4   Data         128  dwgl_global.o(.bss)
    UART1_TXBUFFER                           0x20003774   Data         128  dwgl_global.o(.bss)
    UART1_RXBUFFER                           0x200037f4   Data         512  dwgl_global.o(.bss)
    UART2_TXBUFFER                           0x200039f4   Data         128  dwgl_global.o(.bss)
    UART2_RXBUFFER                           0x20003a74   Data         128  dwgl_global.o(.bss)
    UART3_TXBUFFER                           0x20003af4   Data         128  dwgl_global.o(.bss)
    UART3_RXBUFFER                           0x20003b74   Data         128  dwgl_global.o(.bss)
    SPI_BUFFER                               0x20003bf4   Data         128  dwgl_global.o(.bss)
    ADC_BUFFER                               0x20003c74   Data         640  dwgl_global.o(.bss)
    ADC_Base0                                0x20003ef4   Data          36  dwgl_global.o(.bss)
    device_num                               0x20003f18   Data          20  dwgl_global.o(.bss)
    AD_count                                 0x20003f2c   Data         128  dwgl_global.o(.bss)
    __initial_sp                             0x200043b0   Data           0  startup_stm32f10x_hd.o(STACK)



==============================================================================

Memory Map of the image

  Image Entry point : 0x08010131

  Load Region LR_IROM1 (Base: 0x08010000, Size: 0x0003d73c, Max: 0x00070000, ABSOLUTE, COMPRESSED[0x0003d544])

    Execution Region ER_IROM1 (Base: 0x08010000, Size: 0x0003d3f4, Max: 0x00070000, ABSOLUTE)

    Base Addr    Size         Type   Attr      Idx    E Section Name        Object

    0x08010000   0x00000130   Data   RO            3    RESET               startup_stm32f10x_hd.o
    0x08010130   0x00000000   Code   RO         4854  * .ARM.Collect$$$$00000000  mc_w.l(entry.o)
    0x08010130   0x00000004   Code   RO         4865    .ARM.Collect$$$$00000001  mc_w.l(entry2.o)
    0x08010134   0x00000004   Code   RO         4868    .ARM.Collect$$$$00000004  mc_w.l(entry5.o)
    0x08010138   0x00000000   Code   RO         4870    .ARM.Collect$$$$00000008  mc_w.l(entry7b.o)
    0x08010138   0x00000000   Code   RO         4872    .ARM.Collect$$$$0000000A  mc_w.l(entry8b.o)
    0x08010138   0x00000008   Code   RO         4873    .ARM.Collect$$$$0000000B  mc_w.l(entry9a.o)
    0x08010140   0x00000000   Code   RO         4875    .ARM.Collect$$$$0000000D  mc_w.l(entry10a.o)
    0x08010140   0x00000000   Code   RO         4877    .ARM.Collect$$$$0000000F  mc_w.l(entry11a.o)
    0x08010140   0x00000004   Code   RO         4866    .ARM.Collect$$$$00002712  mc_w.l(entry2.o)
    0x08010144   0x00000024   Code   RO            4    .text               startup_stm32f10x_hd.o
    0x08010168   0x00000024   Code   RO         4857    .text               mc_w.l(memcpya.o)
    0x0801018c   0x00000024   Code   RO         4859    .text               mc_w.l(memseta.o)
    0x080101b0   0x0000001a   Code   RO         4861    .text               mc_w.l(memcmp.o)
    0x080101ca   0x00000002   PAD
    0x080101cc   0x00000024   Code   RO         4879    .text               mc_w.l(init.o)
    0x080101f0   0x00000056   Code   RO         4889    .text               mc_w.l(__dczerorl2.o)
    0x08010246   0x00000002   PAD
    0x08010248   0x0000008c   Code   RO         3928    i.ADC1_2_IRQHandler  dwgl_adc.o
    0x080102d4   0x0000001a   Code   RO         3184    i.ADC1_3_PeriphClockCmd  main.o
    0x080102ee   0x00000002   PAD
    0x080102f0   0x00000098   Code   RO         3929    i.ADC1_Init         dwgl_adc.o
    0x08010388   0x0000008c   Code   RO         3930    i.ADC3_IRQHandler   dwgl_adc.o
    0x08010414   0x00000098   Code   RO         3931    i.ADC3_Init         dwgl_adc.o
    0x080104ac   0x0000000a   Code   RO          231    i.ADC_ClearITPendingBit  stm32f10x_adc.o
    0x080104b6   0x00000016   Code   RO          232    i.ADC_Cmd           stm32f10x_adc.o
    0x080104cc   0x00000028   Code   RO         3932    i.ADC_Configuration  dwgl_adc.o
    0x080104f4   0x0000005c   Code   RO          234    i.ADC_DeInit        stm32f10x_adc.o
    0x08010550   0x00000014   Code   RO          240    i.ADC_GetCalibrationStatus  stm32f10x_adc.o
    0x08010564   0x00000008   Code   RO          241    i.ADC_GetConversionValue  stm32f10x_adc.o
    0x0801056c   0x00000024   Code   RO          244    i.ADC_GetITStatus   stm32f10x_adc.o
    0x08010590   0x00000014   Code   RO          246    i.ADC_GetResetCalibrationStatus  stm32f10x_adc.o
    0x080105a4   0x00000018   Code   RO          249    i.ADC_ITConfig      stm32f10x_adc.o
    0x080105bc   0x00000050   Code   RO          250    i.ADC_Init          stm32f10x_adc.o
    0x0801060c   0x000000b8   Code   RO          254    i.ADC_RegularChannelConfig  stm32f10x_adc.o
    0x080106c4   0x0000000a   Code   RO          255    i.ADC_ResetCalibration  stm32f10x_adc.o
    0x080106ce   0x00000016   Code   RO          257    i.ADC_SoftwareStartConvCmd  stm32f10x_adc.o
    0x080106e4   0x0000000a   Code   RO          259    i.ADC_StartCalibration  stm32f10x_adc.o
    0x080106ee   0x00000004   Code   RO         3497    i.BusFault_Handler  stm32f10x_it.o
    0x080106f2   0x00000002   PAD
    0x080106f4   0x000001d4   Code   RO         4778    i.CHIP_PRO          dwgl_chipflash.o
    0x080108c8   0x00000248   Code   RO         4779    i.Check_CHIP_PRO    dwgl_chipflash.o
    0x08010b10   0x00000040   Code   RO         3968    i.DMA1_Channel1_IRQHandler  dwgl_dma.o
    0x08010b50   0x00000024   Code   RO         3970    i.DMA1_Channel2_IRQHandler  dwgl_dma.o
    0x08010b74   0x0000005c   Code   RO         3971    i.DMA1_Channel2_Init  dwgl_dma.o
    0x08010bd0   0x0000001c   Code   RO          930    i.DMA_ClearFlag     stm32f10x_dma.o
    0x08010bec   0x00000018   Code   RO          932    i.DMA_Cmd           stm32f10x_dma.o
    0x08010c04   0x00000010   Code   RO         3973    i.DMA_Configuration  dwgl_dma.o
    0x08010c14   0x0000014c   Code   RO          933    i.DMA_DeInit        stm32f10x_dma.o
    0x08010d60   0x0000003c   Code   RO          938    i.DMA_Init          stm32f10x_dma.o
    0x08010d9c   0x00000002   Code   RO         3498    i.DebugMon_Handler  stm32f10x_it.o
    0x08010d9e   0x00000020   Code   RO         4403    i.Delay_10ms        dwgl_wb_lcd.o
    0x08010dbe   0x00000002   PAD
    0x08010dc0   0x00000028   Code   RO         3566    i.Delay_ms          bsp_systick.o
    0x08010de8   0x000000e4   Code   RO         4590    i.DisplayPROT_EWM   dwgl_tft.o
    0x08010ecc   0x00000048   Code   RO         4064    i.EXTI15_10_IRQHandler  dwgl_exti.o
    0x08010f14   0x00000044   Code   RO         4066    i.EXTI1_IRQHandler  dwgl_exti.o
    0x08010f58   0x0000001c   Code   RO         3499    i.EXTI4_IRQHandler  stm32f10x_it.o
    0x08010f74   0x0000000c   Code   RO         1003    i.EXTI_ClearITPendingBit  stm32f10x_exti.o
    0x08010f80   0x00000028   Code   RO         1007    i.EXTI_GetITStatus  stm32f10x_exti.o
    0x08010fa8   0x00000020   Code   RO         4177    i.FLASH2_CSSelect   pm25lq512flash.o
    0x08010fc8   0x00000088   Code   RO         4272    i.FLASH2_GPIOSPI_IsBusy  dwgl_spi.o
    0x08011050   0x000000e0   Code   RO         4273    i.FLASH2_GPIOSPI_Read  dwgl_spi.o
    0x08011130   0x000000b8   Code   RO         4274    i.FLASH2_GPIOSPI_SE  dwgl_spi.o
    0x080111e8   0x000000b8   Code   RO         4275    i.FLASH2_GPIOSPI_SER  dwgl_spi.o
    0x080112a0   0x000000cc   Code   RO         4276    i.FLASH2_GPIOSPI_Write  dwgl_spi.o
    0x0801136c   0x0000000c   Code   RO         1056    i.FLASH_ClearFlag   stm32f10x_flash.o
    0x08011378   0x0000004c   Code   RO         1061    i.FLASH_ErasePage   stm32f10x_flash.o
    0x080113c4   0x00000034   Code   RO         1062    i.FLASH_GetBank1Status  stm32f10x_flash.o
    0x080113f8   0x00000014   Code   RO         1071    i.FLASH_Lock        stm32f10x_flash.o
    0x0801140c   0x00000040   Code   RO         1074    i.FLASH_ProgramHalfWord  stm32f10x_flash.o
    0x0801144c   0x00000018   Code   RO         1079    i.FLASH_Unlock      stm32f10x_flash.o
    0x08011464   0x00000026   Code   RO         1083    i.FLASH_WaitForLastOperation  stm32f10x_flash.o
    0x0801148a   0x00000082   Code   RO         4404    i.FSMC_LCDInit      dwgl_wb_lcd.o
    0x0801150c   0x00000034   Code   RO         1241    i.FSMC_NORSRAMCmd   stm32f10x_fsmc.o
    0x08011540   0x000000e6   Code   RO         1243    i.FSMC_NORSRAMInit  stm32f10x_fsmc.o
    0x08011626   0x00000002   PAD
    0x08011628   0x000000d4   Code   RO         3678    i.FiletoBuffer_ID   dwgl_function.o
    0x080116fc   0x00000116   Code   RO         1356    i.GPIO_Init         stm32f10x_gpio.o
    0x08011812   0x00000008   Code   RO         3627    i.GPIO_NegationBits  bsp_led.o
    0x0801181a   0x00000002   PAD
    0x0801181c   0x00000090   Code   RO         1358    i.GPIO_PinRemapConfig  stm32f10x_gpio.o
    0x080118ac   0x00000012   Code   RO         1360    i.GPIO_ReadInputDataBit  stm32f10x_gpio.o
    0x080118be   0x00000004   Code   RO         1363    i.GPIO_ResetBits    stm32f10x_gpio.o
    0x080118c2   0x00000004   Code   RO         1364    i.GPIO_SetBits      stm32f10x_gpio.o
    0x080118c6   0x00000002   PAD
    0x080118c8   0x000000bc   Code   RO         3680    i.Get_ADC_BaseLine  dwgl_function.o
    0x08011984   0x00000004   Code   RO         3500    i.HardFault_Handler  stm32f10x_it.o
    0x08011988   0x00000010   Code   RO         1668    i.IWDG_Enable       stm32f10x_iwdg.o
    0x08011998   0x00000024   Code   RO         4824    i.IWDG_Init         wdg.o
    0x080119bc   0x00000010   Code   RO         1670    i.IWDG_ReloadCounter  stm32f10x_iwdg.o
    0x080119cc   0x0000000c   Code   RO         1671    i.IWDG_SetPrescaler  stm32f10x_iwdg.o
    0x080119d8   0x0000000c   Code   RO         1672    i.IWDG_SetReload    stm32f10x_iwdg.o
    0x080119e4   0x0000000c   Code   RO         1673    i.IWDG_WriteAccessCmd  stm32f10x_iwdg.o
    0x080119f0   0x0000003c   Code   RO         4405    i.LCD_Clear         dwgl_wb_lcd.o
    0x08011a2c   0x00000054   Code   RO         4414    i.LCD_Fill          dwgl_wb_lcd.o
    0x08011a80   0x00000050   Code   RO         4416    i.LCD_IOConfig      dwgl_wb_lcd.o
    0x08011ad0   0x0000035c   Code   RO         4417    i.LCD_Init          dwgl_wb_lcd.o
    0x08011e2c   0x0000035c   Code   RO         4418    i.LCD_Init1         dwgl_wb_lcd.o
    0x08012188   0x000001b4   Code   RO         3682    i.LCD_TEST          dwgl_function.o
    0x0801233c   0x00000044   Code   RO         4426    i.LCD_WindowMax     dwgl_wb_lcd.o
    0x08012380   0x00000008   Code   RO         4427    i.LCD_WriteRAM_Prepare  dwgl_wb_lcd.o
    0x08012388   0x00000050   Code   RO         3185    i.LCD_into_power_on_state  main.o
    0x080123d8   0x0000017c   Code   RO         3628    i.LED_GPIO_Config   bsp_led.o
    0x08012554   0x00000004   Code   RO         3501    i.MemManage_Handler  stm32f10x_it.o
    0x08012558   0x00000002   Code   RO         3502    i.NMI_Handler       stm32f10x_it.o
    0x0801255a   0x0000009a   Code   RO         3648    i.NVIC_Configuration  dwgl_global.o
    0x080125f4   0x00000070   Code   RO          186    i.NVIC_Init         misc.o
    0x08012664   0x00000024   Code   RO         3186    i.NVIC_SystemReset  main.o
    0x08012688   0x00000002   Code   RO         3503    i.PendSV_Handler    stm32f10x_it.o
    0x0801268a   0x00000002   PAD
    0x0801268c   0x00000018   Code   RO         1773    i.RCC_ADCCLKConfig  stm32f10x_rcc.o
    0x080126a4   0x00000020   Code   RO         1774    i.RCC_AHBPeriphClockCmd  stm32f10x_rcc.o
    0x080126c4   0x00000020   Code   RO         1775    i.RCC_APB1PeriphClockCmd  stm32f10x_rcc.o
    0x080126e4   0x00000020   Code   RO         1776    i.RCC_APB1PeriphResetCmd  stm32f10x_rcc.o
    0x08012704   0x00000020   Code   RO         1777    i.RCC_APB2PeriphClockCmd  stm32f10x_rcc.o
    0x08012724   0x00000020   Code   RO         1778    i.RCC_APB2PeriphResetCmd  stm32f10x_rcc.o
    0x08012744   0x000000d4   Code   RO         1785    i.RCC_GetClocksFreq  stm32f10x_rcc.o
    0x08012818   0x000001fc   Code   RO         3683    i.RGB888_565        dwgl_function.o
    0x08012a14   0x00000038   Code   RO         3974    i.SPI1_DMARecive    dwgl_dma.o
    0x08012a4c   0x00000070   Code   RO         4284    i.SPI1_IRQHandler   dwgl_spi.o
    0x08012abc   0x000000bc   Code   RO         4285    i.SPI1_Init         dwgl_spi.o
    0x08012b78   0x00000002   Code   RO         4288    i.SPI2_IRQHandler   dwgl_spi.o
    0x08012b7a   0x00000018   Code   RO         2260    i.SPI_Cmd           stm32f10x_spi.o
    0x08012b92   0x00000002   PAD
    0x08012b94   0x00000028   Code   RO         4291    i.SPI_Configuration  dwgl_spi.o
    0x08012bbc   0x00000014   Code   RO         2265    i.SPI_I2S_ClearITPendingBit  stm32f10x_spi.o
    0x08012bd0   0x00000058   Code   RO         2267    i.SPI_I2S_DeInit    stm32f10x_spi.o
    0x08012c28   0x00000012   Code   RO         2268    i.SPI_I2S_GetFlagStatus  stm32f10x_spi.o
    0x08012c3a   0x00000034   Code   RO         2269    i.SPI_I2S_GetITStatus  stm32f10x_spi.o
    0x08012c6e   0x0000003c   Code   RO         2273    i.SPI_Init          stm32f10x_spi.o
    0x08012caa   0x00000002   Code   RO         3504    i.SVC_Handler       stm32f10x_it.o
    0x08012cac   0x00000008   Code   RO           24    i.SetSysClock       system_stm32f10x.o
    0x08012cb4   0x000000e0   Code   RO           25    i.SetSysClockTo72   system_stm32f10x.o
    0x08012d94   0x00000054   Code   RO         3505    i.SysTick_Handler   stm32f10x_it.o
    0x08012de8   0x00000078   Code   RO         3568    i.SysTick_Init      bsp_systick.o
    0x08012e60   0x00000060   Code   RO           27    i.SystemInit        system_stm32f10x.o
    0x08012ec0   0x00000002   Code   RO         4022    i.TIM2_IRQHandler   dwgl_tim.o
    0x08012ec2   0x00000002   PAD
    0x08012ec4   0x00000040   Code   RO         4025    i.TIM3_IRQHandler   dwgl_tim.o
    0x08012f04   0x00000006   Code   RO         2410    i.TIM_ClearITPendingBit  stm32f10x_tim.o
    0x08012f0a   0x00000022   Code   RO         2436    i.TIM_GetITStatus   stm32f10x_tim.o
    0x08012f2c   0x00000018   Code   RO         3569    i.TimingDelay_Decrement  bsp_systick.o
    0x08012f44   0x0000008c   Code   RO         4106    i.UART1_Init        dwgl_sci.o
    0x08012fd0   0x00000074   Code   RO         4107    i.UART1_Send_Data   dwgl_sci.o
    0x08013044   0x0000009c   Code   RO         4110    i.UART3_Init        dwgl_sci.o
    0x080130e0   0x00000030   Code   RO         4111    i.UART3_Send_Data   dwgl_sci.o
    0x08013110   0x00000050   Code   RO         4112    i.UART_Configuration  dwgl_sci.o
    0x08013160   0x000000a0   Code   RO         4113    i.USART1_IRQHandler  dwgl_sci.o
    0x08013200   0x00000074   Code   RO         4114    i.USART2_IRQHandler  dwgl_sci.o
    0x08013274   0x00000070   Code   RO         4115    i.USART3_IRQHandler  dwgl_sci.o
    0x080132e4   0x0000001e   Code   RO         2948    i.USART_ClearITPendingBit  stm32f10x_usart.o
    0x08013302   0x00000018   Code   RO         2951    i.USART_Cmd         stm32f10x_usart.o
    0x0801331a   0x00000054   Code   RO         2955    i.USART_GetITStatus  stm32f10x_usart.o
    0x0801336e   0x0000004a   Code   RO         2957    i.USART_ITConfig    stm32f10x_usart.o
    0x080133b8   0x000000d8   Code   RO         2958    i.USART_Init        stm32f10x_usart.o
    0x08013490   0x00000004   Code   RO         3506    i.UsageFault_Handler  stm32f10x_it.o
    0x08013494   0x0000006c   Code   RO         3685    i.Version_display   dwgl_function.o
    0x08013500   0x0000000e   Code   RO         4883    i.__scatterload_copy  mc_w.l(handlers.o)
    0x0801350e   0x00000002   Code   RO         4884    i.__scatterload_null  mc_w.l(handlers.o)
    0x08013510   0x0000000e   Code   RO         4885    i.__scatterload_zeroinit  mc_w.l(handlers.o)
    0x0801351e   0x00000002   PAD
    0x08013520   0x00000034   Code   RO         3187    i.check_device_plugin  main.o
    0x08013554   0x00000018   Code   RO         3188    i.check_embeded_program_update  main.o
    0x0801356c   0x00000108   Code   RO         3189    i.check_hub_link_state  main.o
    0x08013674   0x0000002c   Code   RO         3190    i.check_key_press_down_to_reset_board  main.o
    0x080136a0   0x000000c4   Code   RO         3687    i.cmd3_Get_State    dwgl_function.o
    0x08013764   0x000001c8   Code   RO         3688    i.cmd3_Set_State    dwgl_function.o
    0x0801392c   0x000000b8   Code   RO         3689    i.cmd3_ShakeHands   dwgl_function.o
    0x080139e4   0x000000b4   Code   RO         3191    i.com_check_qr_code  main.o
    0x08013a98   0x00000234   Code   RO         3192    i.com_chip_pro      main.o
    0x08013ccc   0x000002ec   Code   RO         3193    i.com_file_called   main.o
    0x08013fb8   0x0000013c   Code   RO         3194    i.com_file_erase    main.o
    0x080140f4   0x00000320   Code   RO         3195    i.com_file_operations_request  main.o
    0x08014414   0x00000290   Code   RO         3196    i.com_file_transfer  main.o
    0x080146a4   0x00000078   Code   RO         3197    i.com_get_ad_count  main.o
    0x0801471c   0x0000007c   Code   RO         3198    i.com_get_adc       main.o
    0x08014798   0x00000100   Code   RO         3199    i.com_get_charge_speed  main.o
    0x08014898   0x00000064   Code   RO         3200    i.com_get_embedded_version  main.o
    0x080148fc   0x00000078   Code   RO         3201    i.com_get_port_state  main.o
    0x08014974   0x000000b4   Code   RO         3202    i.com_get_version   main.o
    0x08014a28   0x000000f0   Code   RO         3203    i.com_handshake     main.o
    0x08014b18   0x00000178   Code   RO         3204    i.com_hub_reset     main.o
    0x08014c90   0x000001a4   Code   RO         3205    i.com_media_time_ctrl  main.o
    0x08014e34   0x000000a8   Code   RO         3206    i.com_power_off     main.o
    0x08014edc   0x000001a4   Code   RO         3207    i.com_power_on      main.o
    0x08015080   0x00000044   Code   RO         3208    i.com_read_flash    main.o
    0x080150c4   0x0000019c   Code   RO         3209    i.com_rgb888_565    main.o
    0x08015260   0x0000007a   Code   RO         3210    i.com_rgb_clear     main.o
    0x080152da   0x00000002   PAD
    0x080152dc   0x0000007c   Code   RO         3211    i.com_save_adc      main.o
    0x08015358   0x00000220   Code   RO         3212    i.com_set_device_num  main.o
    0x08015578   0x00000100   Code   RO         3213    i.com_set_version   main.o
    0x08015678   0x0000009c   Code   RO         3214    i.com_write_flash   main.o
    0x08015714   0x0000000a   Code   RO         3215    i.deal_LCD1_task_at_regular_time  main.o
    0x0801571e   0x0000000a   Code   RO         3216    i.deal_LCD2_task_at_regular_time  main.o
    0x08015728   0x0000005c   Code   RO         3217    i.deal_LCD_task_at_regular_time  main.o
    0x08015784   0x000001b0   Code   RO         3218    i.deal_cmd_data     main.o
    0x08015934   0x00000050   Code   RO         3219    i.deal_task_at_regular_time  main.o
    0x08015984   0x000000b8   Code   RO         3220    i.deal_task_at_regular_time0  main.o
    0x08015a3c   0x0000000e   Code   RO         4189    i.delay_cycle       pm25lq512flash.o
    0x08015a4a   0x00000002   PAD
    0x08015a4c   0x000002d0   Code   RO         4592    i.display_flash_BMP  dwgl_tft.o
    0x08015d1c   0x00000338   Code   RO         4593    i.display_flash_BMPE  dwgl_tft.o
    0x08016054   0x000000b0   Code   RO         3692    i.get_ADC1_3_data   dwgl_function.o
    0x08016104   0x00000028   Code   RO         3693    i.get_checksum      dwgl_function.o
    0x0801612c   0x000000a4   Code   RO         3694    i.hub_select        dwgl_function.o
    0x080161d0   0x00000074   Code   RO         3221    i.init_LCD_background  main.o
    0x08016244   0x0000008c   Code   RO         3222    i.init_LCD_config   main.o
    0x080162d0   0x0000025c   Code   RO         3223    i.init_all_local_data_and_display_on_LCD  main.o
    0x0801652c   0x00000074   Code   RO         3224    i.init_base_data    main.o
    0x080165a0   0x00000040   Code   RO         3695    i.is_com_msg_head   dwgl_function.o
    0x080165e0   0x00000088   Code   RO         3696    i.led_power_ctrl    dwgl_function.o
    0x08016668   0x000000a4   Code   RO         3225    i.main              main.o
    0x0801670c   0x00000184   Code   RO         3698    i.port_Charge_State  dwgl_function.o
    0x08016890   0x00000178   Code   RO         3699    i.process_com_data  dwgl_function.o
    0x08016a08   0x000000d0   Code   RO         3700    i.rewrite_ADC_BaseLine_flash_data  dwgl_function.o
    0x08016ad8   0x0000023c   Code   RO         3226    i.sprintf_com_cmd   main.o
    0x08016d14   0x000002c8   Code   RO         3227    i.synthesize_function  main.o
    0x08016fdc   0x00000234   Code   RO         4598    i.tft_1bitdeep_TXT  dwgl_tft.o
    0x08017210   0x00000038   Code   RO         4600    i.tft_Clear         dwgl_tft.o
    0x08017248   0x00000076   Code   RO         4601    i.tft_DisplayStr    dwgl_tft.o
    0x080172be   0x00000002   PAD
    0x080172c0   0x00000098   Code   RO         4603    i.tft_ShowCharE     dwgl_tft.o
    0x08017358   0x000000cc   Code   RO         4605    i.tft_ShowHzE       dwgl_tft.o
    0x08017424   0x0000002c   Code   RO         4606    i.tft_cs_disable    dwgl_tft.o
    0x08017450   0x0000002c   Code   RO         4607    i.tft_cs_enable     dwgl_tft.o
    0x0801747c   0x0000012c   Code   RO         3228    i.uart3_cmd         main.o
    0x080175a8   0x0000000a   Code   RO         3229    i.update_LCD1_screen_protect  main.o
    0x080175b2   0x0000000a   Code   RO         3230    i.update_LCD2_screen_protect  main.o
    0x080175bc   0x000000bc   Code   RO         3231    i.update_advertisement  main.o
    0x08017678   0x00000094   Code   RO         3232    i.update_qrcode_at_regular_time  main.o
    0x0801770c   0x000000e0   Code   RO         3233    i.update_screen_protect  main.o
    0x080177ec   0x000000a8   Code   RO         3703    i.usb_mutually_exclusive_power_on  dwgl_function.o
    0x08017894   0x0000008c   Code   RO         3704    i.usb_power_ctrl    dwgl_function.o
    0x08017920   0x00000444   Data   RO         3234    .constdata          main.o
    0x08017d64   0x00000280   Data   RO         4729    .constdata          gimage10_16_288_1bitc.o
    0x08017fe4   0x000005f0   Data   RO         4751    .constdata          asciilib_65k.o
    0x080185d4   0x00034e00   Data   RO         4841    .constdata          hzlib_65k.o
    0x0804d3d4   0x00000020   Data   RO         4881    Region$$Table       anon$$obj.o


    Execution Region RW_IRAM1 (Base: 0x20000000, Size: 0x000043b0, Max: 0x00010000, ABSOLUTE, COMPRESSED[0x00000150])

    Base Addr    Size         Type   Attr      Idx    E Section Name        Object

    0x20000000   0x00000014   Data   RW           28    .data               system_stm32f10x.o
    0x20000014   0x00000014   Data   RW         1805    .data               stm32f10x_rcc.o
    0x20000028   0x00000038   Data   RW         3235    .data               main.o
    0x20000060   0x00000004   Data   RW         3570    .data               bsp_systick.o
    0x20000064   0x00000134   Data   RW         3650    .data               dwgl_global.o
    0x20000198   0x0000007e   Data   RW         3705    .data               dwgl_function.o
    0x20000216   0x00000002   PAD
    0x20000218   0x00000044   Data   RW         3933    .data               dwgl_adc.o
    0x2000025c   0x00000018   Data   RW         3975    .data               dwgl_dma.o
    0x20000274   0x00000016   Data   RW         4027    .data               dwgl_tim.o
    0x2000028a   0x00000002   PAD
    0x2000028c   0x00000010   Data   RW         4069    .data               dwgl_exti.o
    0x2000029c   0x0000003b   Data   RW         4116    .data               dwgl_sci.o
    0x200002d7   0x00000001   PAD
    0x200002d8   0x00000004   Data   RW         4190    .data               pm25lq512flash.o
    0x200002dc   0x00000027   Data   RW         4292    .data               dwgl_spi.o
    0x20000303   0x00000001   PAD
    0x20000304   0x00000038   Data   RW         4608    .data               dwgl_tft.o
    0x2000033c   0x0000000c   Data   RW         4783    .data               dwgl_chipflash.o
    0x20000348   0x00003c64   Zero   RW         3649    .bss                dwgl_global.o
    0x20003fac   0x00000004   PAD
    0x20003fb0   0x00000400   Zero   RW            1    STACK               startup_stm32f10x_hd.o


==============================================================================

Image component sizes


      Code (inc. data)   RO Data    RW Data    ZI Data      Debug   Object Name

         0          0       1520          0          0        575   asciilib_65k.o
       388         32          0          0          0       1502   bsp_led.o
       184         22          0          4          0      17341   bsp_systick.o
         0          0          0          0          0       4508   core_cm3.o
       624         78          0         68          0       3859   dwgl_adc.o
      1052         30          0         12          0       2797   dwgl_chipflash.o
       264         50          0         24          0       3688   dwgl_dma.o
       140         20          0         16          0       1944   dwgl_exti.o
      4148        262          0        126          0      14301   dwgl_function.o
       154          0          0        308      15460       9149   dwgl_global.o
       928        134          0         59          0       6429   dwgl_sci.o
      1274         84          0         39          0       7118   dwgl_spi.o
      2954         66          0         56          0      10443   dwgl_tft.o
        66         16          0         22          0       1822   dwgl_tim.o
      2182         46          0          0          0       6188   dwgl_wb_lcd.o
         0          0        640          0          0        648   gimage10_16_288_1bitc.o
         0          0     216576          0          0        560   hzlib_65k.o
     12108        850       1092         56          0      60382   main.o
       112         12          0          0          0       1048   misc.o
        46          4          0          4          0       1401   pm25lq512flash.o
        36          8        304          0       1024        876   startup_stm32f10x_hd.o
       538         24          0          0          0      10039   stm32f10x_adc.o
       444         18          0          0          0       3990   stm32f10x_dma.o
        52         12          0          0          0       1152   stm32f10x_exti.o
       286         36          0          0          0       4024   stm32f10x_flash.o
       282          6          0          0          0       1849   stm32f10x_fsmc.o
       448          6          0          0          0       4566   stm32f10x_gpio.o
       136         26          0          0          0       4509   stm32f10x_it.o
        68         30          0          0          0       2522   stm32f10x_iwdg.o
       396         56          0         20          0       6787   stm32f10x_rcc.o
       262         12          0          0          0       4752   stm32f10x_spi.o
        40          0          0          0          0       1790   stm32f10x_tim.o
       428          6          0          0          0       5152   stm32f10x_usart.o
       328         30          0         20          0     298682   system_stm32f10x.o
        36          0          0          0          0        552   wdg.o

    ----------------------------------------------------------------------
     30428       1976     220164        840      16488     506945   Object Totals
         0          0         32          0          0          0   (incl. Generated)
        24          0          0          6          4          0   (incl. Padding)

    ----------------------------------------------------------------------

      Code (inc. data)   RO Data    RW Data    ZI Data      Debug   Library Member Name

        86          0          0          0          0          0   __dczerorl2.o
         0          0          0          0          0          0   entry.o
         0          0          0          0          0          0   entry10a.o
         0          0          0          0          0          0   entry11a.o
         8          4          0          0          0          0   entry2.o
         4          0          0          0          0          0   entry5.o
         0          0          0          0          0          0   entry7b.o
         0          0          0          0          0          0   entry8b.o
         8          4          0          0          0          0   entry9a.o
        30          0          0          0          0          0   handlers.o
        36          8          0          0          0         68   init.o
        26          0          0          0          0         80   memcmp.o
        36          0          0          0          0         68   memcpya.o
        36          0          0          0          0        108   memseta.o

    ----------------------------------------------------------------------
       276         16          0          0          0        324   Library Totals
         6          0          0          0          0          0   (incl. Padding)

    ----------------------------------------------------------------------

      Code (inc. data)   RO Data    RW Data    ZI Data      Debug   Library Name

       270         16          0          0          0        324   mc_w.l

    ----------------------------------------------------------------------
       276         16          0          0          0        324   Library Totals

    ----------------------------------------------------------------------

==============================================================================


      Code (inc. data)   RO Data    RW Data    ZI Data      Debug   

     30704       1992     220164        840      16488     497205   Grand Totals
     30704       1992     220164        336      16488     497205   ELF Image Totals (compressed)
     30704       1992     220164        336          0          0   ROM Totals

==============================================================================

    Total RO  Size (Code + RO Data)               250868 ( 244.99kB)
    Total RW  Size (RW Data + ZI Data)             17328 (  16.92kB)
    Total ROM Size (Code + RO Data + RW Data)     251204 ( 245.32kB)

==============================================================================

